Archive member included to satisfy reference by file (symbol)

C:/ST/STM32CubeIDE_1.14.1/STM32CubeIDE/plugins/com.st.stm32cube.ide.mcu.externaltools.gnu-tools-for-stm32.11.3.rel1.win32_1.1.100.202309141235/tools/bin/../lib/gcc/arm-none-eabi/11.3.1/../../../../arm-none-eabi/lib/thumb/v7e-m+fp/hard\libc_nano.a(libc_a-exit.o)
                              C:/ST/STM32CubeIDE_1.14.1/STM32CubeIDE/plugins/com.st.stm32cube.ide.mcu.externaltools.gnu-tools-for-stm32.11.3.rel1.win32_1.1.100.202309141235/tools/bin/../lib/gcc/arm-none-eabi/11.3.1/../../../../arm-none-eabi/lib/thumb/v7e-m+fp/hard/crt0.o (exit)
C:/ST/STM32CubeIDE_1.14.1/STM32CubeIDE/plugins/com.st.stm32cube.ide.mcu.externaltools.gnu-tools-for-stm32.11.3.rel1.win32_1.1.100.202309141235/tools/bin/../lib/gcc/arm-none-eabi/11.3.1/../../../../arm-none-eabi/lib/thumb/v7e-m+fp/hard\libc_nano.a(libc_a-findfp.o)
                              ./Middlewares/Third_Party/FreeRTOS/Source/tasks.o (__sf)
C:/ST/STM32CubeIDE_1.14.1/STM32CubeIDE/plugins/com.st.stm32cube.ide.mcu.externaltools.gnu-tools-for-stm32.11.3.rel1.win32_1.1.100.202309141235/tools/bin/../lib/gcc/arm-none-eabi/11.3.1/../../../../arm-none-eabi/lib/thumb/v7e-m+fp/hard\libc_nano.a(libc_a-fwalk.o)
                              C:/ST/STM32CubeIDE_1.14.1/STM32CubeIDE/plugins/com.st.stm32cube.ide.mcu.externaltools.gnu-tools-for-stm32.11.3.rel1.win32_1.1.100.202309141235/tools/bin/../lib/gcc/arm-none-eabi/11.3.1/../../../../arm-none-eabi/lib/thumb/v7e-m+fp/hard\libc_nano.a(libc_a-findfp.o) (_fwalk_sglue)
C:/ST/STM32CubeIDE_1.14.1/STM32CubeIDE/plugins/com.st.stm32cube.ide.mcu.externaltools.gnu-tools-for-stm32.11.3.rel1.win32_1.1.100.202309141235/tools/bin/../lib/gcc/arm-none-eabi/11.3.1/../../../../arm-none-eabi/lib/thumb/v7e-m+fp/hard\libc_nano.a(libc_a-stdio.o)
                              C:/ST/STM32CubeIDE_1.14.1/STM32CubeIDE/plugins/com.st.stm32cube.ide.mcu.externaltools.gnu-tools-for-stm32.11.3.rel1.win32_1.1.100.202309141235/tools/bin/../lib/gcc/arm-none-eabi/11.3.1/../../../../arm-none-eabi/lib/thumb/v7e-m+fp/hard\libc_nano.a(libc_a-findfp.o) (__sread)
C:/ST/STM32CubeIDE_1.14.1/STM32CubeIDE/plugins/com.st.stm32cube.ide.mcu.externaltools.gnu-tools-for-stm32.11.3.rel1.win32_1.1.100.202309141235/tools/bin/../lib/gcc/arm-none-eabi/11.3.1/../../../../arm-none-eabi/lib/thumb/v7e-m+fp/hard\libc_nano.a(libc_a-memcmp.o)
                              ./Middlewares/Third_Party/FreeRTOS/Source/tasks.o (memcmp)
C:/ST/STM32CubeIDE_1.14.1/STM32CubeIDE/plugins/com.st.stm32cube.ide.mcu.externaltools.gnu-tools-for-stm32.11.3.rel1.win32_1.1.100.202309141235/tools/bin/../lib/gcc/arm-none-eabi/11.3.1/../../../../arm-none-eabi/lib/thumb/v7e-m+fp/hard\libc_nano.a(libc_a-memset.o)
                              C:/ST/STM32CubeIDE_1.14.1/STM32CubeIDE/plugins/com.st.stm32cube.ide.mcu.externaltools.gnu-tools-for-stm32.11.3.rel1.win32_1.1.100.202309141235/tools/bin/../lib/gcc/arm-none-eabi/11.3.1/../../../../arm-none-eabi/lib/thumb/v7e-m+fp/hard/crt0.o (memset)
C:/ST/STM32CubeIDE_1.14.1/STM32CubeIDE/plugins/com.st.stm32cube.ide.mcu.externaltools.gnu-tools-for-stm32.11.3.rel1.win32_1.1.100.202309141235/tools/bin/../lib/gcc/arm-none-eabi/11.3.1/../../../../arm-none-eabi/lib/thumb/v7e-m+fp/hard\libc_nano.a(libc_a-closer.o)
                              C:/ST/STM32CubeIDE_1.14.1/STM32CubeIDE/plugins/com.st.stm32cube.ide.mcu.externaltools.gnu-tools-for-stm32.11.3.rel1.win32_1.1.100.202309141235/tools/bin/../lib/gcc/arm-none-eabi/11.3.1/../../../../arm-none-eabi/lib/thumb/v7e-m+fp/hard\libc_nano.a(libc_a-stdio.o) (_close_r)
C:/ST/STM32CubeIDE_1.14.1/STM32CubeIDE/plugins/com.st.stm32cube.ide.mcu.externaltools.gnu-tools-for-stm32.11.3.rel1.win32_1.1.100.202309141235/tools/bin/../lib/gcc/arm-none-eabi/11.3.1/../../../../arm-none-eabi/lib/thumb/v7e-m+fp/hard\libc_nano.a(libc_a-reent.o)
                              ./Middlewares/Third_Party/FreeRTOS/Source/tasks.o (_reclaim_reent)
C:/ST/STM32CubeIDE_1.14.1/STM32CubeIDE/plugins/com.st.stm32cube.ide.mcu.externaltools.gnu-tools-for-stm32.11.3.rel1.win32_1.1.100.202309141235/tools/bin/../lib/gcc/arm-none-eabi/11.3.1/../../../../arm-none-eabi/lib/thumb/v7e-m+fp/hard\libc_nano.a(libc_a-impure.o)
                              ./Middlewares/Third_Party/FreeRTOS/Source/tasks.o (_impure_ptr)
C:/ST/STM32CubeIDE_1.14.1/STM32CubeIDE/plugins/com.st.stm32cube.ide.mcu.externaltools.gnu-tools-for-stm32.11.3.rel1.win32_1.1.100.202309141235/tools/bin/../lib/gcc/arm-none-eabi/11.3.1/../../../../arm-none-eabi/lib/thumb/v7e-m+fp/hard\libc_nano.a(libc_a-lseekr.o)
                              C:/ST/STM32CubeIDE_1.14.1/STM32CubeIDE/plugins/com.st.stm32cube.ide.mcu.externaltools.gnu-tools-for-stm32.11.3.rel1.win32_1.1.100.202309141235/tools/bin/../lib/gcc/arm-none-eabi/11.3.1/../../../../arm-none-eabi/lib/thumb/v7e-m+fp/hard\libc_nano.a(libc_a-stdio.o) (_lseek_r)
[...]
Memory Configuration

Name             Origin             Length             Attributes
CCMRAM           0x0000000010000000 0x0000000000010000 xrw
RAM              0x0000000020000000 0x0000000000030000 xrw
FLASH            0x0000000008000000 0x0000000000200000 xr
*default*        0x0000000000000000 0xffffffffffffffff

Linker script and memory map

LOAD C:/ST/STM32CubeIDE_1.14.1/STM32CubeIDE/plugins/com.st.stm32cube.ide.mcu.externaltools.gnu-tools-for-stm32.11.3.rel1.win32_1.1.100.202309141235/tools/bin/../lib/gcc/arm-none-eabi/11.3.1/thumb/v7e-m+fp/hard/crti.o
LOAD C:/ST/STM32CubeIDE_1.14.1/STM32CubeIDE/plugins/com.st.stm32cube.ide.mcu.externaltools.gnu-tools-for-stm32.11.3.rel1.win32_1.1.100.202309141235/tools/bin/../lib/gcc/arm-none-eabi/11.3.1/thumb/v7e-m+fp/hard/crtbegin.o
LOAD C:/ST/STM32CubeIDE_1.14.1/STM32CubeIDE/plugins/com.st.stm32cube.ide.mcu.externaltools.gnu-tools-for-stm32.11.3.rel1.win32_1.1.100.202309141235/tools/bin/../lib/gcc/arm-none-eabi/11.3.1/../../../../arm-none-eabi/lib/thumb/v7e-m+fp/hard/crt0.o
LOAD ./Core/Src/ApplicationCode.o
LOAD ./Core/Src/Gyro_Driver.o
LOAD ./Core/Src/LCD_Driver.o
LOAD ./Core/Src/fonts.o
LOAD ./Core/Src/freertos.o
LOAD ./Core/Src/main.o
LOAD ./Core/Src/stm32f4xx_hal_msp.o
LOAD ./Core/Src/stm32f4xx_it.o
LOAD ./Core/Src/syscalls.o
LOAD ./Core/Src/sysmem.o
LOAD ./Core/Src/system_stm32f4xx.o
LOAD ./Core/Startup/startup_stm32f429zitx.o
LOAD ./Drivers/STM32F4xx_HAL_Driver/Src/stm32f4xx_hal.o
LOAD ./Drivers/STM32F4xx_HAL_Driver/Src/stm32f4xx_hal_cortex.o
LOAD ./Drivers/STM32F4xx_HAL_Driver/Src/stm32f4xx_hal_dma.o
LOAD ./Drivers/STM32F4xx_HAL_Driver/Src/stm32f4xx_hal_dma_ex.o
LOAD ./Drivers/STM32F4xx_HAL_Driver/Src/stm32f4xx_hal_dsi.o
LOAD ./Drivers/STM32F4xx_HAL_Driver/Src/stm32f4xx_hal_exti.o
LOAD ./Drivers/STM32F4xx_HAL_Driver/Src/stm32f4xx_hal_flash.o
LOAD ./Drivers/STM32F4xx_HAL_Driver/Src/stm32f4xx_hal_flash_ex.o
LOAD ./Drivers/STM32F4xx_HAL_Driver/Src/stm32f4xx_hal_flash_ramfunc.o
LOAD ./Drivers/STM32F4xx_HAL_Driver/Src/stm32f4xx_hal_gpio.o
LOAD ./Drivers/STM32F4xx_HAL_Driver/Src/stm32f4xx_hal_ltdc.o
LOAD ./Drivers/STM32F4xx_HAL_Driver/Src/stm32f4xx_hal_ltdc_ex.o
LOAD ./Drivers/STM32F4xx_HAL_Driver/Src/stm32f4xx_hal_pwr.o
LOAD ./Drivers/STM32F4xx_HAL_Driver/Src/stm32f4xx_hal_pwr_ex.o
LOAD ./Drivers/STM32F4xx_HAL_Driver/Src/stm32f4xx_hal_rcc.o
LOAD ./Drivers/STM32F4xx_HAL_Driver/Src/stm32f4xx_hal_rcc_ex.o
LOAD ./Drivers/STM32F4xx_HAL_Driver/Src/stm32f4xx_hal_spi.o
LOAD ./Drivers/STM32F4xx_HAL_Driver/Src/stm32f4xx_hal_tim.o
LOAD ./Drivers/STM32F4xx_HAL_Driver/Src/stm32f4xx_hal_tim_ex.o
LOAD ./Middlewares/Third_Party/FreeRTOS/Source/CMSIS_RTOS_V2/cmsis_os2.o
LOAD ./Middlewares/Third_Party/FreeRTOS/Source/croutine.o
LOAD ./Middlewares/Third_Party/FreeRTOS/Source/event_groups.o
LOAD ./Middlewares/Third_Party/FreeRTOS/Source/list.o
LOAD ./Middlewares/Third_Party/FreeRTOS/Source/queue.o
LOAD ./Middlewares/Third_Party/FreeRTOS/Source/stream_buffer.o
LOAD ./Middlewares/Third_Party/FreeRTOS/Source/tasks.o
LOAD ./Middlewares/Third_Party/FreeRTOS/Source/timers.o
LOAD ./Middlewares/Third_Party/FreeRTOS/Source/portable/GCC/ARM_CM4F/port.o
LOAD ./Middlewares/Third_Party/FreeRTOS/Source/portable/MemMang/heap_4.o
LOAD ./Middlewares/Third_Party/SystemView/SEGGER/SEGGER_RTT.o
LOAD ./Middlewares/Third_Party/SystemView/SEGGER/SEGGER_RTT_ASM_ARMv7M.o
LOAD ./Middlewares/Third_Party/SystemView/SEGGER/SEGGER_RTT_printf.o
LOAD ./Middlewares/Third_Party/SystemView/SEGGER/SEGGER_SYSVIEW.o
LOAD ./Middlewares/Third_Party/SystemView/Sample/FreeRTOS/Config/SEGGER_SYSVIEW_Config_FreeRTOS.o
LOAD ./Middlewares/Third_Party/SystemView/Sample/FreeRTOS/SEGGER_SYSVIEW_FreeRTOS.o
START GROUP
LOAD C:/ST/STM32CubeIDE_1.14.1/STM32CubeIDE/plugins/com.st.stm32cube.ide.mcu.externaltools.gnu-tools-for-stm32.11.3.rel1.win32_1.1.100.202309141235/tools/bin/../lib/gcc/arm-none-eabi/11.3.1/../../../../arm-none-eabi/lib/thumb/v7e-m+fp/hard\libc_nano.a
LOAD C:/ST/STM32CubeIDE_1.14.1/STM32CubeIDE/plugins/com.st.stm32cube.ide.mcu.externaltools.gnu-tools-for-stm32.11.3.rel1.win32_1.1.100.202309141235/tools/bin/../lib/gcc/arm-none-eabi/11.3.1/../../../../arm-none-eabi/lib/thumb/v7e-m+fp/hard\libm.a
END GROUP
START GROUP
LOAD C:/ST/STM32CubeIDE_1.14.1/STM32CubeIDE/plugins/com.st.stm32cube.ide.mcu.externaltools.gnu-tools-for-stm32.11.3.rel1.win32_1.1.100.202309141235/tools/bin/../lib/gcc/arm-none-eabi/11.3.1/thumb/v7e-m+fp/hard\libgcc.a
LOAD C:/ST/STM32CubeIDE_1.14.1/STM32CubeIDE/plugins/com.st.stm32cube.ide.mcu.externaltools.gnu-tools-for-stm32.11.3.rel1.win32_1.1.100.202309141235/tools/bin/../lib/gcc/arm-none-eabi/11.3.1/../../../../arm-none-eabi/lib/thumb/v7e-m+fp/hard\libc_nano.a
END GROUP
START GROUP
LOAD C:/ST/STM32CubeIDE_1.14.1/STM32CubeIDE/plugins/com.st.stm32cube.ide.mcu.externaltools.gnu-tools-for-stm32.11.3.rel1.win32_1.1.100.202309141235/tools/bin/../lib/gcc/arm-none-eabi/11.3.1/thumb/v7e-m+fp/hard\libgcc.a
LOAD C:/ST/STM32CubeIDE_1.14.1/STM32CubeIDE/plugins/com.st.stm32cube.ide.mcu.externaltools.gnu-tools-for-stm32.11.3.rel1.win32_1.1.100.202309141235/tools/bin/../lib/gcc/arm-none-eabi/11.3.1/../../../../arm-none-eabi/lib/thumb/v7e-m+fp/hard\libc_nano.a
LOAD C:/ST/STM32CubeIDE_1.14.1/STM32CubeIDE/plugins/com.st.stm32cube.ide.mcu.externaltools.gnu-tools-for-stm32.11.3.rel1.win32_1.1.100.202309141235/tools/bin/../lib/gcc/arm-none-eabi/11.3.1/../../../../arm-none-eabi/lib/thumb/v7e-m+fp/hard\libnosys.a
END GROUP
START GROUP
LOAD C:/ST/STM32CubeIDE_1.14.1/STM32CubeIDE/plugins/com.st.stm32cube.ide.mcu.externaltools.gnu-tools-for-stm32.11.3.rel1.win32_1.1.100.202309141235/tools/bin/../lib/gcc/arm-none-eabi/11.3.1/thumb/v7e-m+fp/hard\libgcc.a
LOAD C:/ST/STM32CubeIDE_1.14.1/STM32CubeIDE/plugins/com.st.stm32cube.ide.mcu.externaltools.gnu-tools-for-stm32.11.3.rel1.win32_1.1.100.202309141235/tools/bin/../lib/gcc/arm-none-eabi/11.3.1/../../../../arm-none-eabi/lib/thumb/v7e-m+fp/hard\libc_nano.a
LOAD C:/ST/STM32CubeIDE_1.14.1/STM32CubeIDE/plugins/com.st.stm32cube.ide.mcu.externaltools.gnu-tools-for-stm32.11.3.rel1.win32_1.1.100.202309141235/tools/bin/../lib/gcc/arm-none-eabi/11.3.1/../../../../arm-none-eabi/lib/thumb/v7e-m+fp/hard\libnosys.a
END GROUP
LOAD C:/ST/STM32CubeIDE_1.14.1/STM32CubeIDE/plugins/com.st.stm32cube.ide.mcu.externaltools.gnu-tools-for-stm32.11.3.rel1.win32_1.1.100.202309141235/tools/bin/../lib/gcc/arm-none-eabi/11.3.1/thumb/v7e-m+fp/hard/crtend.o
LOAD C:/ST/STM32CubeIDE_1.14.1/STM32CubeIDE/plugins/com.st.stm32cube.ide.mcu.externaltools.gnu-tools-for-stm32.11.3.rel1.win32_1.1.100.202309141235/tools/bin/../lib/gcc/arm-none-eabi/11.3.1/thumb/v7e-m+fp/hard/crtn.o
                0x0000000020030000                _estack = (ORIGIN (RAM) + LENGTH (RAM))
                0x0000000000000200                _Min_Heap_Size = 0x200
                0x0000000000000400                _Min_Stack_Size = 0x400

.isr_vector     0x0000000008000000      0x1ac
                0x0000000008000000                . = ALIGN (0x4)
 *(.isr_vector)
 .isr_vector    0x0000000008000000      0x1ac ./Core/Startup/startup_stm32f429zitx.o
                0x0000000008000000                g_pfnVectors
                0x00000000080001ac                . = ALIGN (0x4)

.text           0x00000000080001b0     0xb14c
                0x00000000080001b0                . = ALIGN (0x4)
 *(.text)
 .text          0x00000000080001b0       0x40 C:/ST/STM32CubeIDE_1.14.1/STM32CubeIDE/plugins/com.st.stm32cube.ide.mcu.externaltools.gnu-tools-for-stm32.11.3.rel1.win32_1.1.100.202309141235/tools/bin/../lib/gcc/arm-none-eabi/11.3.1/thumb/v7e-m+fp/hard/crtbegin.o
 .text          0x00000000080001f0       0x94 ./Middlewares/Third_Party/SystemView/SEGGER/SEGGER_RTT_ASM_ARMv7M.o
                0x00000000080001f0                SEGGER_RTT_ASM_WriteSkipNoLock
 .text          0x0000000008000284       0x30 C:/ST/STM32CubeIDE_1.14.1/STM32CubeIDE/plugins/com.st.stm32cube.ide.mcu.externaltools.gnu-tools-for-stm32.11.3.rel1.win32_1.1.100.202309141235/tools/bin/../lib/gcc/arm-none-eabi/11.3.1/thumb/v7e-m+fp/hard\libgcc.a(_aeabi_uldivmod.o)
                0x0000000008000284                __aeabi_uldivmod
 .text          0x00000000080002b4      0x2c8 C:/ST/STM32CubeIDE_1.14.1/STM32CubeIDE/plugins/com.st.stm32cube.ide.mcu.externaltools.gnu-tools-for-stm32.11.3.rel1.win32_1.1.100.202309141235/tools/bin/../lib/gcc/arm-none-eabi/11.3.1/thumb/v7e-m+fp/hard\libgcc.a(_udivmoddi4.o)
                0x00000000080002b4                __udivmoddi4
 .text          0x000000000800057c        0x4 C:/ST/STM32CubeIDE_1.14.1/STM32CubeIDE/plugins/com.st.stm32cube.ide.mcu.externaltools.gnu-tools-for-stm32.11.3.rel1.win32_1.1.100.202309141235/tools/bin/../lib/gcc/arm-none-eabi/11.3.1/thumb/v7e-m+fp/hard\libgcc.a(_dvmd_tls.o)
                0x000000000800057c                __aeabi_idiv0
                0x000000000800057c                __aeabi_ldiv0
 *(.text*)
 .text.ApplicationInit
                0x0000000008000580       0x38 ./Core/Src/ApplicationCode.o
                0x0000000008000580                ApplicationInit
 .text.Lab7_RTOS_Init
                0x00000000080005b8      0x1c0 ./Core/Src/ApplicationCode.o
                0x00000000080005b8                Lab7_RTOS_Init
 .text.Change_Acceleration
                0x0000000008000778       0x20 ./Core/Src/ApplicationCode.o
                0x0000000008000778                Change_Acceleration
 .text.Gyro_Direction_Post
                0x0000000008000798       0x2c ./Core/Src/ApplicationCode.o
                0x0000000008000798                Gyro_Direction_Post
 .text.read_user_button_state
                0x00000000080007c4       0x20 ./Core/Src/ApplicationCode.o
                0x00000000080007c4                read_user_button_state
 .text.get_gyro_rotation_rate
                0x00000000080007e4       0x64 ./Core/Src/ApplicationCode.o
                0x00000000080007e4                get_gyro_rotation_rate
 .text.get_gyro_direction
                0x0000000008000848       0x48 ./Core/Src/ApplicationCode.o
                0x0000000008000848                get_gyro_direction
 .text.HAL_GPIO_EXTI_Callback
                0x0000000008000890       0x20 ./Core/Src/ApplicationCode.o
                0x0000000008000890                HAL_GPIO_EXTI_Callback
 .text.Speed_Setpoint_Task
                0x00000000080008b0       0xec ./Core/Src/ApplicationCode.o
                0x00000000080008b0                Speed_Setpoint_Task
 .text.Vehicle_Direction_Task
                0x000000000800099c       0xb4 ./Core/Src/ApplicationCode.o
                0x000000000800099c                Vehicle_Direction_Task
 .text.Vehicle_Monitor_Task
                0x0000000008000a50      0x100 ./Core/Src/ApplicationCode.o
                0x0000000008000a50                Vehicle_Monitor_Task
 .text.LED_Output_Task
                0x0000000008000b50       0x7c ./Core/Src/ApplicationCode.o
                0x0000000008000b50                LED_Output_Task
 .text.LCD_Display_Task
                0x0000000008000bcc      0x130 ./Core/Src/ApplicationCode.o
                0x0000000008000bcc                LCD_Display_Task
 .text.Gyro_Init
                0x0000000008000cfc       0x1a ./Core/Src/Gyro_Driver.o
                0x0000000008000cfc                Gyro_Init
 *fill*         0x0000000008000d16        0x2 
 .text.Gyro_Power_On
                0x0000000008000d18       0x88 ./Core/Src/Gyro_Driver.o
                0x0000000008000d18                Gyro_Power_On
 .text.Gyro_Reboot
                0x0000000008000da0       0x78 ./Core/Src/Gyro_Driver.o
                0x0000000008000da0                Gyro_Reboot
 .text.Gyro_Get_Velocity
                0x0000000008000e18       0x64 ./Core/Src/Gyro_Driver.o
                0x0000000008000e18                Gyro_Get_Velocity
 .text.Gyro_Config_Regs
                0x0000000008000e7c       0xd4 ./Core/Src/Gyro_Driver.o
                0x0000000008000e7c                Gyro_Config_Regs
 .text.Gyro_HAL_Check
                0x0000000008000f50       0x1c ./Core/Src/Gyro_Driver.o
                0x0000000008000f50                Gyro_HAL_Check
 .text.Gyro_Slave_Enable
                0x0000000008000f6c       0x18 ./Core/Src/Gyro_Driver.o
                0x0000000008000f6c                Gyro_Slave_Enable
 .text.Gyro_Slave_Disable
                0x0000000008000f84       0x18 ./Core/Src/Gyro_Driver.o
                0x0000000008000f84                Gyro_Slave_Disable
 .text.Gyro_Receive_Data
                0x0000000008000f9c       0x34 ./Core/Src/Gyro_Driver.o
                0x0000000008000f9c                Gyro_Receive_Data
 .text.Gyro_Transmit_Data
                0x0000000008000fd0       0x34 ./Core/Src/Gyro_Driver.o
                0x0000000008000fd0                Gyro_Transmit_Data
 .text.LCD_GPIO_Init
                0x0000000008001004      0x190 ./Core/Src/LCD_Driver.o
                0x0000000008001004                LCD_GPIO_Init
 .text.LTCD__Init
                0x0000000008001194       0xbc ./Core/Src/LCD_Driver.o
                0x0000000008001194                LTCD__Init
 .text.LTCD_Layer_Init
                0x0000000008001250       0x80 ./Core/Src/LCD_Driver.o
                0x0000000008001250                LTCD_Layer_Init
 .text.LCD_Draw_Pixel
                0x00000000080012d0       0x3c ./Core/Src/LCD_Driver.o
                0x00000000080012d0                LCD_Draw_Pixel
 .text.LCD_DrawChar
                0x000000000800130c       0xdc ./Core/Src/LCD_Driver.o
                0x000000000800130c                LCD_DrawChar
 .text.LCD_DisplayChar
                0x00000000080013e8       0x44 ./Core/Src/LCD_Driver.o
                0x00000000080013e8                LCD_DisplayChar
 .text.LCD_DisplayString
                0x000000000800142c       0x4e ./Core/Src/LCD_Driver.o
                0x000000000800142c                LCD_DisplayString
 *fill*         0x000000000800147a        0x2 
 .text.LCD_DisplayNumber
                0x000000000800147c      0x128 ./Core/Src/LCD_Driver.o
                0x000000000800147c                LCD_DisplayNumber
 .text.LCD_SetTextColor
                0x00000000080015a4       0x20 ./Core/Src/LCD_Driver.o
                0x00000000080015a4                LCD_SetTextColor
 .text.LCD_SetFont
                0x00000000080015c4       0x20 ./Core/Src/LCD_Driver.o
                0x00000000080015c4                LCD_SetFont
 .text.LCD_Clear
                0x00000000080015e4       0x44 ./Core/Src/LCD_Driver.o
                0x00000000080015e4                LCD_Clear
 .text.LCD_Error_Handler
                0x0000000008001628        0x6 ./Core/Src/LCD_Driver.o
                0x0000000008001628                LCD_Error_Handler
 .text.ili9341_Init
                0x000000000800162e      0x294 ./Core/Src/LCD_Driver.o
                0x000000000800162e                ili9341_Init
 .text.ili9341_Write_Reg
                0x00000000080018c2       0x1a ./Core/Src/LCD_Driver.o
                0x00000000080018c2                ili9341_Write_Reg
 .text.ili9341_Send_Data
                0x00000000080018dc       0x1a ./Core/Src/LCD_Driver.o
                0x00000000080018dc                ili9341_Send_Data
 *fill*         0x00000000080018f6        0x2 
 .text.SPI_Init
                0x00000000080018f8       0x74 ./Core/Src/LCD_Driver.o
 .text.SPI_Write
                0x000000000800196c       0x3c ./Core/Src/LCD_Driver.o
 .text.SPI_Error
                0x00000000080019a8       0x18 ./Core/Src/LCD_Driver.o
 .text.SPI_MspInit
                0x00000000080019c0       0x74 ./Core/Src/LCD_Driver.o
 .text.LCD_IO_Init
                0x0000000008001a34       0xf0 ./Core/Src/LCD_Driver.o
                0x0000000008001a34                LCD_IO_Init
 .text.LCD_IO_WriteData
                0x0000000008001b24       0x44 ./Core/Src/LCD_Driver.o
                0x0000000008001b24                LCD_IO_WriteData
 .text.LCD_IO_WriteReg
                0x0000000008001b68       0x44 ./Core/Src/LCD_Driver.o
                0x0000000008001b68                LCD_IO_WriteReg
 .text.LCD_Delay
                0x0000000008001bac       0x16 ./Core/Src/LCD_Driver.o
                0x0000000008001bac                LCD_Delay
 *fill*         0x0000000008001bc2        0x2 
 .text.systemClockOverride
                0x0000000008001bc4       0x80 ./Core/Src/main.o
                0x0000000008001bc4                systemClockOverride
 .text.main     0x0000000008001c44       0x4c ./Core/Src/main.o
                0x0000000008001c44                main
 .text.MX_LTDC_Init
                0x0000000008001c90      0x164 ./Core/Src/main.o
 .text.MX_SPI5_Init
                0x0000000008001df4       0x6c ./Core/Src/main.o
 .text.MX_TIM11_Init
                0x0000000008001e60       0x48 ./Core/Src/main.o
 .text.MX_GPIO_Init
                0x0000000008001ea8      0x3d0 ./Core/Src/main.o
 .text.StartDefaultTask
                0x0000000008002278       0x12 ./Core/Src/main.o
                0x0000000008002278                StartDefaultTask
 .text.Error_Handler
                0x000000000800228a        0xa ./Core/Src/main.o
                0x000000000800228a                Error_Handler
 .text.HAL_MspInit
                0x0000000008002294       0x58 ./Core/Src/stm32f4xx_hal_msp.o
                0x0000000008002294                HAL_MspInit
 .text.HAL_LTDC_MspInit
                0x00000000080022ec      0x250 ./Core/Src/stm32f4xx_hal_msp.o
                0x00000000080022ec                HAL_LTDC_MspInit
 .text.HAL_SPI_MspInit
                0x000000000800253c       0x90 ./Core/Src/stm32f4xx_hal_msp.o
                0x000000000800253c                HAL_SPI_MspInit
 .text.HAL_SPI_MspDeInit
                0x00000000080025cc       0x3c ./Core/Src/stm32f4xx_hal_msp.o
                0x00000000080025cc                HAL_SPI_MspDeInit
 .text.HAL_TIM_Base_MspInit
                0x0000000008002608       0x44 ./Core/Src/stm32f4xx_hal_msp.o
                0x0000000008002608                HAL_TIM_Base_MspInit
 .text.NMI_Handler
                0x000000000800264c        0x6 ./Core/Src/stm32f4xx_it.o
                0x000000000800264c                NMI_Handler
 .text.HardFault_Handler
                0x0000000008002652        0x6 ./Core/Src/stm32f4xx_it.o
                0x0000000008002652                HardFault_Handler
 .text.MemManage_Handler
                0x0000000008002658        0x6 ./Core/Src/stm32f4xx_it.o
                0x0000000008002658                MemManage_Handler
 .text.BusFault_Handler
                0x000000000800265e        0x6 ./Core/Src/stm32f4xx_it.o
                0x000000000800265e                BusFault_Handler
 .text.UsageFault_Handler
                0x0000000008002664        0x6 ./Core/Src/stm32f4xx_it.o
                0x0000000008002664                UsageFault_Handler
 .text.DebugMon_Handler
                0x000000000800266a        0xe ./Core/Src/stm32f4xx_it.o
                0x000000000800266a                DebugMon_Handler
 .text.SysTick_Handler
                0x0000000008002678       0x1a ./Core/Src/stm32f4xx_it.o
                0x0000000008002678                SysTick_Handler
 .text.EXTI0_IRQHandler
                0x0000000008002692        0xe ./Core/Src/stm32f4xx_it.o
                0x0000000008002692                EXTI0_IRQHandler
 .text.SystemInit
                0x00000000080026a0       0x24 ./Core/Src/system_stm32f4xx.o
                0x00000000080026a0                SystemInit
 .text.Reset_Handler
                0x00000000080026c4       0x50 ./Core/Startup/startup_stm32f429zitx.o
                0x00000000080026c4                Reset_Handler
 .text.Default_Handler
                0x0000000008002714        0x2 ./Core/Startup/startup_stm32f429zitx.o
                0x0000000008002714                RTC_Alarm_IRQHandler
                0x0000000008002714                HASH_RNG_IRQHandler
                0x0000000008002714                EXTI2_IRQHandler
                0x0000000008002714                TIM8_CC_IRQHandler
                0x0000000008002714                UART8_IRQHandler
                0x0000000008002714                SPI4_IRQHandler
                0x0000000008002714                TIM1_CC_IRQHandler
                0x0000000008002714                DMA2_Stream5_IRQHandler
                0x0000000008002714                DMA1_Stream5_IRQHandler
                0x0000000008002714                PVD_IRQHandler
                0x0000000008002714                SDIO_IRQHandler
                0x0000000008002714                TAMP_STAMP_IRQHandler
                0x0000000008002714                CAN2_RX1_IRQHandler
                0x0000000008002714                EXTI3_IRQHandler
                0x0000000008002714                TIM8_TRG_COM_TIM14_IRQHandler
                0x0000000008002714                TIM1_UP_TIM10_IRQHandler
                0x0000000008002714                TIM8_UP_TIM13_IRQHandler
                0x0000000008002714                I2C3_ER_IRQHandler
                0x0000000008002714                I2C2_EV_IRQHandler
                0x0000000008002714                DMA1_Stream2_IRQHandler
                0x0000000008002714                CAN1_RX0_IRQHandler
                0x0000000008002714                FPU_IRQHandler
                0x0000000008002714                OTG_HS_WKUP_IRQHandler
                0x0000000008002714                LTDC_ER_IRQHandler
                0x0000000008002714                CAN2_SCE_IRQHandler
                0x0000000008002714                DMA2_Stream2_IRQHandler
                0x0000000008002714                SPI1_IRQHandler
                0x0000000008002714                TIM6_DAC_IRQHandler
                0x0000000008002714                TIM1_BRK_TIM9_IRQHandler
                0x0000000008002714                DCMI_IRQHandler
                0x0000000008002714                CAN2_RX0_IRQHandler
                0x0000000008002714                DMA2_Stream3_IRQHandler
                0x0000000008002714                USART6_IRQHandler
                0x0000000008002714                USART3_IRQHandler
                0x0000000008002714                CAN1_RX1_IRQHandler
                0x0000000008002714                UART5_IRQHandler
                0x0000000008002714                DMA2_Stream0_IRQHandler
                0x0000000008002714                TIM4_IRQHandler
                0x0000000008002714                I2C1_EV_IRQHandler
                0x0000000008002714                DMA1_Stream6_IRQHandler
                0x0000000008002714                DMA1_Stream1_IRQHandler
                0x0000000008002714                UART4_IRQHandler
                0x0000000008002714                TIM3_IRQHandler
                0x0000000008002714                RCC_IRQHandler
                0x0000000008002714                TIM8_BRK_TIM12_IRQHandler
                0x0000000008002714                Default_Handler
                0x0000000008002714                EXTI15_10_IRQHandler
                0x0000000008002714                ADC_IRQHandler
                0x0000000008002714                DMA1_Stream7_IRQHandler
                0x0000000008002714                SPI5_IRQHandler
                0x0000000008002714                CAN2_TX_IRQHandler
                0x0000000008002714                TIM5_IRQHandler
                0x0000000008002714                DMA2_Stream7_IRQHandler
                0x0000000008002714                I2C3_EV_IRQHandler
                0x0000000008002714                EXTI9_5_IRQHandler
                0x0000000008002714                RTC_WKUP_IRQHandler
                0x0000000008002714                LTDC_IRQHandler
                0x0000000008002714                ETH_WKUP_IRQHandler
                0x0000000008002714                SPI2_IRQHandler
                0x0000000008002714                OTG_HS_EP1_IN_IRQHandler
                0x0000000008002714                DMA1_Stream0_IRQHandler
                0x0000000008002714                CAN1_TX_IRQHandler
                0x0000000008002714                EXTI4_IRQHandler
                0x0000000008002714                ETH_IRQHandler
                0x0000000008002714                OTG_HS_EP1_OUT_IRQHandler
                0x0000000008002714                WWDG_IRQHandler
                0x0000000008002714                SPI6_IRQHandler
                0x0000000008002714                TIM2_IRQHandler
                0x0000000008002714                OTG_FS_WKUP_IRQHandler
                0x0000000008002714                TIM1_TRG_COM_TIM11_IRQHandler
                0x0000000008002714                OTG_HS_IRQHandler
                0x0000000008002714                DMA2D_IRQHandler
                0x0000000008002714                EXTI1_IRQHandler
                0x0000000008002714                UART7_IRQHandler
                0x0000000008002714                USART2_IRQHandler
                0x0000000008002714                I2C2_ER_IRQHandler
                0x0000000008002714                DMA2_Stream1_IRQHandler
                0x0000000008002714                CAN1_SCE_IRQHandler
                0x0000000008002714                FLASH_IRQHandler
                0x0000000008002714                DMA2_Stream4_IRQHandler
                0x0000000008002714                USART1_IRQHandler
                0x0000000008002714                OTG_FS_IRQHandler
                0x0000000008002714                SPI3_IRQHandler
                0x0000000008002714                DMA1_Stream4_IRQHandler
                0x0000000008002714                I2C1_ER_IRQHandler
                0x0000000008002714                FMC_IRQHandler
                0x0000000008002714                DMA2_Stream6_IRQHandler
                0x0000000008002714                SAI1_IRQHandler
                0x0000000008002714                DMA1_Stream3_IRQHandler
 *fill*         0x0000000008002716        0x2 
 .text.HAL_Init
                0x0000000008002718       0x44 ./Drivers/STM32F4xx_HAL_Driver/Src/stm32f4xx_hal.o
                0x0000000008002718                HAL_Init
 .text.HAL_InitTick
                0x000000000800275c       0x60 ./Drivers/STM32F4xx_HAL_Driver/Src/stm32f4xx_hal.o
                0x000000000800275c                HAL_InitTick
 .text.HAL_IncTick
                0x00000000080027bc       0x28 ./Drivers/STM32F4xx_HAL_Driver/Src/stm32f4xx_hal.o
                0x00000000080027bc                HAL_IncTick
 .text.HAL_GetTick
                0x00000000080027e4       0x18 ./Drivers/STM32F4xx_HAL_Driver/Src/stm32f4xx_hal.o
                0x00000000080027e4                HAL_GetTick
 .text.__NVIC_SetPriorityGrouping
                0x00000000080027fc       0x48 ./Drivers/STM32F4xx_HAL_Driver/Src/stm32f4xx_hal_cortex.o
 .text.__NVIC_GetPriorityGrouping
                0x0000000008002844       0x1c ./Drivers/STM32F4xx_HAL_Driver/Src/stm32f4xx_hal_cortex.o
 .text.__NVIC_EnableIRQ
                0x0000000008002860       0x3c ./Drivers/STM32F4xx_HAL_Driver/Src/stm32f4xx_hal_cortex.o
 .text.__NVIC_SetPriority
                0x000000000800289c       0x54 ./Drivers/STM32F4xx_HAL_Driver/Src/stm32f4xx_hal_cortex.o
 .text.NVIC_EncodePriority
                0x00000000080028f0       0x66 ./Drivers/STM32F4xx_HAL_Driver/Src/stm32f4xx_hal_cortex.o
 *fill*         0x0000000008002956        0x2 
 .text.SysTick_Config
                0x0000000008002958       0x44 ./Drivers/STM32F4xx_HAL_Driver/Src/stm32f4xx_hal_cortex.o
 .text.HAL_NVIC_SetPriorityGrouping
                0x000000000800299c       0x16 ./Drivers/STM32F4xx_HAL_Driver/Src/stm32f4xx_hal_cortex.o
                0x000000000800299c                HAL_NVIC_SetPriorityGrouping
 .text.HAL_NVIC_SetPriority
                0x00000000080029b2       0x38 ./Drivers/STM32F4xx_HAL_Driver/Src/stm32f4xx_hal_cortex.o
                0x00000000080029b2                HAL_NVIC_SetPriority
 .text.HAL_NVIC_EnableIRQ
                0x00000000080029ea       0x1c ./Drivers/STM32F4xx_HAL_Driver/Src/stm32f4xx_hal_cortex.o
                0x00000000080029ea                HAL_NVIC_EnableIRQ
 .text.HAL_SYSTICK_Config
                0x0000000008002a06       0x18 ./Drivers/STM32F4xx_HAL_Driver/Src/stm32f4xx_hal_cortex.o
                0x0000000008002a06                HAL_SYSTICK_Config
 *fill*         0x0000000008002a1e        0x2 
 .text.HAL_GPIO_Init
                0x0000000008002a20      0x358 ./Drivers/STM32F4xx_HAL_Driver/Src/stm32f4xx_hal_gpio.o
                0x0000000008002a20                HAL_GPIO_Init
 .text.HAL_GPIO_DeInit
                0x0000000008002d78      0x218 ./Drivers/STM32F4xx_HAL_Driver/Src/stm32f4xx_hal_gpio.o
                0x0000000008002d78                HAL_GPIO_DeInit
 .text.HAL_GPIO_ReadPin
                0x0000000008002f90       0x30 ./Drivers/STM32F4xx_HAL_Driver/Src/stm32f4xx_hal_gpio.o
                0x0000000008002f90                HAL_GPIO_ReadPin
 .text.HAL_GPIO_WritePin
                0x0000000008002fc0       0x32 ./Drivers/STM32F4xx_HAL_Driver/Src/stm32f4xx_hal_gpio.o
                0x0000000008002fc0                HAL_GPIO_WritePin
 *fill*         0x0000000008002ff2        0x2 
 .text.HAL_GPIO_EXTI_IRQHandler
                0x0000000008002ff4       0x30 ./Drivers/STM32F4xx_HAL_Driver/Src/stm32f4xx_hal_gpio.o
                0x0000000008002ff4                HAL_GPIO_EXTI_IRQHandler
 .text.HAL_LTDC_Init
                0x0000000008003024      0x1a0 ./Drivers/STM32F4xx_HAL_Driver/Src/stm32f4xx_hal_ltdc.o
                0x0000000008003024                HAL_LTDC_Init
 .text.HAL_LTDC_ConfigLayer
                0x00000000080031c4       0x7c ./Drivers/STM32F4xx_HAL_Driver/Src/stm32f4xx_hal_ltdc.o
                0x00000000080031c4                HAL_LTDC_ConfigLayer
 .text.LTDC_SetConfig
                0x0000000008003240      0x32e ./Drivers/STM32F4xx_HAL_Driver/Src/stm32f4xx_hal_ltdc.o
 *fill*         0x000000000800356e        0x2 
 .text.HAL_RCC_OscConfig
                0x0000000008003570      0x4f0 ./Drivers/STM32F4xx_HAL_Driver/Src/stm32f4xx_hal_rcc.o
                0x0000000008003570                HAL_RCC_OscConfig
 .text.HAL_RCC_ClockConfig
                0x0000000008003a60      0x1cc ./Drivers/STM32F4xx_HAL_Driver/Src/stm32f4xx_hal_rcc.o
                0x0000000008003a60                HAL_RCC_ClockConfig
 .text.HAL_RCC_GetSysClockFreq
                0x0000000008003c2c      0x20c ./Drivers/STM32F4xx_HAL_Driver/Src/stm32f4xx_hal_rcc.o
                0x0000000008003c2c                HAL_RCC_GetSysClockFreq
 .text.HAL_RCCEx_PeriphCLKConfig
                0x0000000008003e38      0x380 ./Drivers/STM32F4xx_HAL_Driver/Src/stm32f4xx_hal_rcc_ex.o
                0x0000000008003e38                HAL_RCCEx_PeriphCLKConfig
 .text.HAL_SPI_Init
                0x00000000080041b8      0x112 ./Drivers/STM32F4xx_HAL_Driver/Src/stm32f4xx_hal_spi.o
                0x00000000080041b8                HAL_SPI_Init
 .text.HAL_SPI_DeInit
                0x00000000080042ca       0x50 ./Drivers/STM32F4xx_HAL_Driver/Src/stm32f4xx_hal_spi.o
                0x00000000080042ca                HAL_SPI_DeInit
 .text.HAL_SPI_Transmit
                0x000000000800431a      0x278 ./Drivers/STM32F4xx_HAL_Driver/Src/stm32f4xx_hal_spi.o
                0x000000000800431a                HAL_SPI_Transmit
 .text.HAL_SPI_Receive
                0x0000000008004592      0x222 ./Drivers/STM32F4xx_HAL_Driver/Src/stm32f4xx_hal_spi.o
                0x0000000008004592                HAL_SPI_Receive
 .text.HAL_SPI_TransmitReceive
                0x00000000080047b4      0x344 ./Drivers/STM32F4xx_HAL_Driver/Src/stm32f4xx_hal_spi.o
                0x00000000080047b4                HAL_SPI_TransmitReceive
 .text.HAL_SPI_GetState
                0x0000000008004af8       0x1c ./Drivers/STM32F4xx_HAL_Driver/Src/stm32f4xx_hal_spi.o
                0x0000000008004af8                HAL_SPI_GetState
 .text.SPI_WaitFlagStateUntilTimeout
                0x0000000008004b14      0x110 ./Drivers/STM32F4xx_HAL_Driver/Src/stm32f4xx_hal_spi.o
 .text.SPI_EndRxTransaction
                0x0000000008004c24       0xca ./Drivers/STM32F4xx_HAL_Driver/Src/stm32f4xx_hal_spi.o
 *fill*         0x0000000008004cee        0x2 
 .text.SPI_EndRxTxTransaction
                0x0000000008004cf0       0x84 ./Drivers/STM32F4xx_HAL_Driver/Src/stm32f4xx_hal_spi.o
 .text.HAL_TIM_Base_Init
                0x0000000008004d74       0x9e ./Drivers/STM32F4xx_HAL_Driver/Src/stm32f4xx_hal_tim.o
                0x0000000008004d74                HAL_TIM_Base_Init
 *fill*         0x0000000008004e12        0x2 
 .text.TIM_Base_SetConfig
                0x0000000008004e14      0x140 ./Drivers/STM32F4xx_HAL_Driver/Src/stm32f4xx_hal_tim.o
                0x0000000008004e14                TIM_Base_SetConfig
 .text.__NVIC_SetPriority
                0x0000000008004f54       0x54 ./Middlewares/Third_Party/FreeRTOS/Source/CMSIS_RTOS_V2/cmsis_os2.o
 .text.SVC_Setup
                0x0000000008004fa8       0x12 ./Middlewares/Third_Party/FreeRTOS/Source/CMSIS_RTOS_V2/cmsis_os2.o
 *fill*         0x0000000008004fba        0x2 
 .text.osKernelInitialize
                0x0000000008004fbc       0x48 ./Middlewares/Third_Party/FreeRTOS/Source/CMSIS_RTOS_V2/cmsis_os2.o
                0x0000000008004fbc                osKernelInitialize
 .text.osKernelStart
                0x0000000008005004       0x4c ./Middlewares/Third_Party/FreeRTOS/Source/CMSIS_RTOS_V2/cmsis_os2.o
                0x0000000008005004                osKernelStart
 .text.osThreadNew
                0x0000000008005050      0x124 ./Middlewares/Third_Party/FreeRTOS/Source/CMSIS_RTOS_V2/cmsis_os2.o
                0x0000000008005050                osThreadNew
 .text.osDelay  0x0000000008005174       0x36 ./Middlewares/Third_Party/FreeRTOS/Source/CMSIS_RTOS_V2/cmsis_os2.o
                0x0000000008005174                osDelay
 .text.TimerCallback
                0x00000000080051aa       0x2a ./Middlewares/Third_Party/FreeRTOS/Source/CMSIS_RTOS_V2/cmsis_os2.o
 .text.osTimerNew
                0x00000000080051d4       0xf8 ./Middlewares/Third_Party/FreeRTOS/Source/CMSIS_RTOS_V2/cmsis_os2.o
                0x00000000080051d4                osTimerNew
 .text.osTimerStart
                0x00000000080052cc       0x5c ./Middlewares/Third_Party/FreeRTOS/Source/CMSIS_RTOS_V2/cmsis_os2.o
                0x00000000080052cc                osTimerStart
 .text.osTimerStop
                0x0000000008005328       0x6e ./Middlewares/Third_Party/FreeRTOS/Source/CMSIS_RTOS_V2/cmsis_os2.o
                0x0000000008005328                osTimerStop
 .text.osEventFlagsNew
                0x0000000008005396       0x7e ./Middlewares/Third_Party/FreeRTOS/Source/CMSIS_RTOS_V2/cmsis_os2.o
                0x0000000008005396                osEventFlagsNew
 .text.osEventFlagsSet
                0x0000000008005414       0x88 ./Middlewares/Third_Party/FreeRTOS/Source/CMSIS_RTOS_V2/cmsis_os2.o
                0x0000000008005414                osEventFlagsSet
 .text.osEventFlagsWait
                0x000000000800549c       0xcc ./Middlewares/Third_Party/FreeRTOS/Source/CMSIS_RTOS_V2/cmsis_os2.o
                0x000000000800549c                osEventFlagsWait
 .text.osMutexNew
                0x0000000008005568      0x10c ./Middlewares/Third_Party/FreeRTOS/Source/CMSIS_RTOS_V2/cmsis_os2.o
                0x0000000008005568                osMutexNew
 .text.osMutexAcquire
                0x0000000008005674       0x96 ./Middlewares/Third_Party/FreeRTOS/Source/CMSIS_RTOS_V2/cmsis_os2.o
                0x0000000008005674                osMutexAcquire
 .text.osMutexRelease
                0x000000000800570a       0x7a ./Middlewares/Third_Party/FreeRTOS/Source/CMSIS_RTOS_V2/cmsis_os2.o
                0x000000000800570a                osMutexRelease
 .text.osSemaphoreNew
                0x0000000008005784      0x112 ./Middlewares/Third_Party/FreeRTOS/Source/CMSIS_RTOS_V2/cmsis_os2.o
                0x0000000008005784                osSemaphoreNew
 *fill*         0x0000000008005896        0x2 
 .text.osSemaphoreAcquire
                0x0000000008005898       0xa4 ./Middlewares/Third_Party/FreeRTOS/Source/CMSIS_RTOS_V2/cmsis_os2.o
                0x0000000008005898                osSemaphoreAcquire
 .text.osSemaphoreRelease
                0x000000000800593c       0x88 ./Middlewares/Third_Party/FreeRTOS/Source/CMSIS_RTOS_V2/cmsis_os2.o
                0x000000000800593c                osSemaphoreRelease
 .text.vApplicationGetIdleTaskMemory
                0x00000000080059c4       0x34 ./Middlewares/Third_Party/FreeRTOS/Source/CMSIS_RTOS_V2/cmsis_os2.o
                0x00000000080059c4                vApplicationGetIdleTaskMemory
 .text.vApplicationGetTimerTaskMemory
                0x00000000080059f8       0x34 ./Middlewares/Third_Party/FreeRTOS/Source/CMSIS_RTOS_V2/cmsis_os2.o
                0x00000000080059f8                vApplicationGetTimerTaskMemory
 .text.xEventGroupCreateStatic
                0x0000000008005a2c       0x6e ./Middlewares/Third_Party/FreeRTOS/Source/event_groups.o
                0x0000000008005a2c                xEventGroupCreateStatic
 .text.xEventGroupCreate
                0x0000000008005a9a       0x34 ./Middlewares/Third_Party/FreeRTOS/Source/event_groups.o
                0x0000000008005a9a                xEventGroupCreate
 *fill*         0x0000000008005ace        0x2 
 .text.xEventGroupWaitBits
                0x0000000008005ad0      0x19c ./Middlewares/Third_Party/FreeRTOS/Source/event_groups.o
                0x0000000008005ad0                xEventGroupWaitBits
 .text.xEventGroupSetBits
                0x0000000008005c6c      0x116 ./Middlewares/Third_Party/FreeRTOS/Source/event_groups.o
                0x0000000008005c6c                xEventGroupSetBits
 .text.vEventGroupSetBitsCallback
                0x0000000008005d82       0x1a ./Middlewares/Third_Party/FreeRTOS/Source/event_groups.o
                0x0000000008005d82                vEventGroupSetBitsCallback
 .text.prvTestWaitCondition
                0x0000000008005d9c       0x44 ./Middlewares/Third_Party/FreeRTOS/Source/event_groups.o
 .text.xEventGroupSetBitsFromISR
                0x0000000008005de0       0x28 ./Middlewares/Third_Party/FreeRTOS/Source/event_groups.o
                0x0000000008005de0                xEventGroupSetBitsFromISR
 .text.vListInitialise
                0x0000000008005e08       0x40 ./Middlewares/Third_Party/FreeRTOS/Source/list.o
                0x0000000008005e08                vListInitialise
 .text.vListInitialiseItem
                0x0000000008005e48       0x1a ./Middlewares/Third_Party/FreeRTOS/Source/list.o
                0x0000000008005e48                vListInitialiseItem
 .text.vListInsertEnd
                0x0000000008005e62       0x48 ./Middlewares/Third_Party/FreeRTOS/Source/list.o
                0x0000000008005e62                vListInsertEnd
 .text.vListInsert
                0x0000000008005eaa       0x72 ./Middlewares/Third_Party/FreeRTOS/Source/list.o
                0x0000000008005eaa                vListInsert
 .text.uxListRemove
                0x0000000008005f1c       0x54 ./Middlewares/Third_Party/FreeRTOS/Source/list.o
                0x0000000008005f1c                uxListRemove
 .text.xQueueGenericReset
                0x0000000008005f70       0xd0 ./Middlewares/Third_Party/FreeRTOS/Source/queue.o
                0x0000000008005f70                xQueueGenericReset
 .text.xQueueGenericCreateStatic
                0x0000000008006040       0xf0 ./Middlewares/Third_Party/FreeRTOS/Source/queue.o
                0x0000000008006040                xQueueGenericCreateStatic
 .text.xQueueGenericCreate
                0x0000000008006130       0x74 ./Middlewares/Third_Party/FreeRTOS/Source/queue.o
                0x0000000008006130                xQueueGenericCreate
 .text.prvInitialiseNewQueue
                0x00000000080061a4       0x52 ./Middlewares/Third_Party/FreeRTOS/Source/queue.o
 .text.prvInitialiseMutex
                0x00000000080061f6       0x34 ./Middlewares/Third_Party/FreeRTOS/Source/queue.o
 .text.xQueueCreateMutex
                0x000000000800622a       0x30 ./Middlewares/Third_Party/FreeRTOS/Source/queue.o
                0x000000000800622a                xQueueCreateMutex
 .text.xQueueCreateMutexStatic
                0x000000000800625a       0x36 ./Middlewares/Third_Party/FreeRTOS/Source/queue.o
                0x000000000800625a                xQueueCreateMutexStatic
 .text.xQueueGiveMutexRecursive
                0x0000000008006290       0x68 ./Middlewares/Third_Party/FreeRTOS/Source/queue.o
                0x0000000008006290                xQueueGiveMutexRecursive
 .text.xQueueTakeMutexRecursive
                0x00000000080062f8       0x6c ./Middlewares/Third_Party/FreeRTOS/Source/queue.o
                0x00000000080062f8                xQueueTakeMutexRecursive
 .text.xQueueCreateCountingSemaphoreStatic
                0x0000000008006364       0x6e ./Middlewares/Third_Party/FreeRTOS/Source/queue.o
                0x0000000008006364                xQueueCreateCountingSemaphoreStatic
 .text.xQueueCreateCountingSemaphore
                0x00000000080063d2       0x66 ./Middlewares/Third_Party/FreeRTOS/Source/queue.o
                0x00000000080063d2                xQueueCreateCountingSemaphore
 .text.xQueueGenericSend
                0x0000000008006438      0x24c ./Middlewares/Third_Party/FreeRTOS/Source/queue.o
                0x0000000008006438                xQueueGenericSend
 .text.xQueueGenericSendFromISR
                0x0000000008006684      0x15e ./Middlewares/Third_Party/FreeRTOS/Source/queue.o
                0x0000000008006684                xQueueGenericSendFromISR
 .text.xQueueGiveFromISR
                0x00000000080067e2      0x142 ./Middlewares/Third_Party/FreeRTOS/Source/queue.o
                0x00000000080067e2                xQueueGiveFromISR
 .text.xQueueReceive
                0x0000000008006924      0x220 ./Middlewares/Third_Party/FreeRTOS/Source/queue.o
                0x0000000008006924                xQueueReceive
 .text.xQueueSemaphoreTake
                0x0000000008006b44      0x278 ./Middlewares/Third_Party/FreeRTOS/Source/queue.o
                0x0000000008006b44                xQueueSemaphoreTake
 .text.xQueueReceiveFromISR
                0x0000000008006dbc      0x13c ./Middlewares/Third_Party/FreeRTOS/Source/queue.o
                0x0000000008006dbc                xQueueReceiveFromISR
 .text.vQueueDelete
                0x0000000008006ef8       0x58 ./Middlewares/Third_Party/FreeRTOS/Source/queue.o
                0x0000000008006ef8                vQueueDelete
 .text.prvGetDisinheritPriorityAfterTimeout
                0x0000000008006f50       0x30 ./Middlewares/Third_Party/FreeRTOS/Source/queue.o
 .text.prvCopyDataToQueue
                0x0000000008006f80       0xd4 ./Middlewares/Third_Party/FreeRTOS/Source/queue.o
 .text.prvCopyDataFromQueue
                0x0000000008007054       0x4c ./Middlewares/Third_Party/FreeRTOS/Source/queue.o
 .text.prvUnlockQueue
                0x00000000080070a0       0xa4 ./Middlewares/Third_Party/FreeRTOS/Source/queue.o
 .text.prvIsQueueEmpty
                0x0000000008007144       0x2c ./Middlewares/Third_Party/FreeRTOS/Source/queue.o
 .text.prvIsQueueFull
                0x0000000008007170       0x30 ./Middlewares/Third_Party/FreeRTOS/Source/queue.o
 .text.vQueueAddToRegistry
                0x00000000080071a0       0x64 ./Middlewares/Third_Party/FreeRTOS/Source/queue.o
                0x00000000080071a0                vQueueAddToRegistry
 .text.vQueueUnregisterQueue
                0x0000000008007204       0x54 ./Middlewares/Third_Party/FreeRTOS/Source/queue.o
                0x0000000008007204                vQueueUnregisterQueue
 .text.vQueueWaitForMessageRestricted
                0x0000000008007258       0x68 ./Middlewares/Third_Party/FreeRTOS/Source/queue.o
                0x0000000008007258                vQueueWaitForMessageRestricted
 .text.xTaskCreateStatic
                0x00000000080072c0       0xba ./Middlewares/Third_Party/FreeRTOS/Source/tasks.o
                0x00000000080072c0                xTaskCreateStatic
 .text.xTaskCreate
                0x000000000800737a       0x8a ./Middlewares/Third_Party/FreeRTOS/Source/tasks.o
                0x000000000800737a                xTaskCreate
 .text.prvInitialiseNewTask
                0x0000000008007404      0x14c ./Middlewares/Third_Party/FreeRTOS/Source/tasks.o
 .text.prvAddNewTaskToReadyList
                0x0000000008007550      0x11c ./Middlewares/Third_Party/FreeRTOS/Source/tasks.o
 .text.vTaskDelay
                0x000000000800766c       0x70 ./Middlewares/Third_Party/FreeRTOS/Source/tasks.o
                0x000000000800766c                vTaskDelay
 .text.vTaskStartScheduler
                0x00000000080076dc      0x104 ./Middlewares/Third_Party/FreeRTOS/Source/tasks.o
                0x00000000080076dc                vTaskStartScheduler
 .text.vTaskSuspendAll
                0x00000000080077e0       0x1c ./Middlewares/Third_Party/FreeRTOS/Source/tasks.o
                0x00000000080077e0                vTaskSuspendAll
 .text.xTaskResumeAll
                0x00000000080077fc      0x144 ./Middlewares/Third_Party/FreeRTOS/Source/tasks.o
                0x00000000080077fc                xTaskResumeAll
 .text.xTaskGetTickCount
                0x0000000008007940       0x20 ./Middlewares/Third_Party/FreeRTOS/Source/tasks.o
                0x0000000008007940                xTaskGetTickCount
 .text.xTaskGetTickCountFromISR
                0x0000000008007960       0x24 ./Middlewares/Third_Party/FreeRTOS/Source/tasks.o
                0x0000000008007960                xTaskGetTickCountFromISR
 .text.xTaskIncrementTick
                0x0000000008007984      0x17c ./Middlewares/Third_Party/FreeRTOS/Source/tasks.o
                0x0000000008007984                xTaskIncrementTick
 .text.vTaskSwitchContext
                0x0000000008007b00       0xf0 ./Middlewares/Third_Party/FreeRTOS/Source/tasks.o
                0x0000000008007b00                vTaskSwitchContext
 .text.vTaskPlaceOnEventList
                0x0000000008007bf0       0x48 ./Middlewares/Third_Party/FreeRTOS/Source/tasks.o
                0x0000000008007bf0                vTaskPlaceOnEventList
 .text.vTaskPlaceOnUnorderedEventList
                0x0000000008007c38       0x78 ./Middlewares/Third_Party/FreeRTOS/Source/tasks.o
                0x0000000008007c38                vTaskPlaceOnUnorderedEventList
 .text.vTaskPlaceOnEventListRestricted
                0x0000000008007cb0       0x5c ./Middlewares/Third_Party/FreeRTOS/Source/tasks.o
                0x0000000008007cb0                vTaskPlaceOnEventListRestricted
 .text.xTaskRemoveFromEventList
                0x0000000008007d0c       0xd0 ./Middlewares/Third_Party/FreeRTOS/Source/tasks.o
                0x0000000008007d0c                xTaskRemoveFromEventList
 .text.vTaskRemoveFromUnorderedEventList
                0x0000000008007ddc       0xcc ./Middlewares/Third_Party/FreeRTOS/Source/tasks.o
                0x0000000008007ddc                vTaskRemoveFromUnorderedEventList
 .text.vTaskInternalSetTimeOutState
                0x0000000008007ea8       0x2c ./Middlewares/Third_Party/FreeRTOS/Source/tasks.o
                0x0000000008007ea8                vTaskInternalSetTimeOutState
 .text.xTaskCheckForTimeOut
                0x0000000008007ed4       0xc4 ./Middlewares/Third_Party/FreeRTOS/Source/tasks.o
                0x0000000008007ed4                xTaskCheckForTimeOut
 .text.vTaskMissedYield
                0x0000000008007f98       0x18 ./Middlewares/Third_Party/FreeRTOS/Source/tasks.o
                0x0000000008007f98                vTaskMissedYield
 .text.prvIdleTask
                0x0000000008007fb0       0x30 ./Middlewares/Third_Party/FreeRTOS/Source/tasks.o
 .text.prvInitialiseTaskLists
                0x0000000008007fe0       0x80 ./Middlewares/Third_Party/FreeRTOS/Source/tasks.o
 .text.prvCheckTasksWaitingTermination
                0x0000000008008060       0x5c ./Middlewares/Third_Party/FreeRTOS/Source/tasks.o
 .text.prvTaskCheckFreeStackSpace
                0x00000000080080bc       0x38 ./Middlewares/Third_Party/FreeRTOS/Source/tasks.o
 .text.uxTaskGetStackHighWaterMark
                0x00000000080080f4       0x38 ./Middlewares/Third_Party/FreeRTOS/Source/tasks.o
                0x00000000080080f4                uxTaskGetStackHighWaterMark
 .text.prvDeleteTCB
                0x000000000800812c       0x68 ./Middlewares/Third_Party/FreeRTOS/Source/tasks.o
 .text.prvResetNextTaskUnblockTime
                0x0000000008008194       0x40 ./Middlewares/Third_Party/FreeRTOS/Source/tasks.o
 .text.xTaskGetCurrentTaskHandle
                0x00000000080081d4       0x20 ./Middlewares/Third_Party/FreeRTOS/Source/tasks.o
                0x00000000080081d4                xTaskGetCurrentTaskHandle
 .text.xTaskGetSchedulerState
                0x00000000080081f4       0x3c ./Middlewares/Third_Party/FreeRTOS/Source/tasks.o
                0x00000000080081f4                xTaskGetSchedulerState
 .text.xTaskPriorityInherit
                0x0000000008008230       0xe4 ./Middlewares/Third_Party/FreeRTOS/Source/tasks.o
                0x0000000008008230                xTaskPriorityInherit
 .text.xTaskPriorityDisinherit
                0x0000000008008314       0xec ./Middlewares/Third_Party/FreeRTOS/Source/tasks.o
                0x0000000008008314                xTaskPriorityDisinherit
 .text.vTaskPriorityDisinheritAfterTimeout
                0x0000000008008400      0x114 ./Middlewares/Third_Party/FreeRTOS/Source/tasks.o
                0x0000000008008400                vTaskPriorityDisinheritAfterTimeout
 .text.uxTaskResetEventItemValue
                0x0000000008008514       0x30 ./Middlewares/Third_Party/FreeRTOS/Source/tasks.o
                0x0000000008008514                uxTaskResetEventItemValue
 .text.pvTaskIncrementMutexHeldCount
                0x0000000008008544       0x28 ./Middlewares/Third_Party/FreeRTOS/Source/tasks.o
                0x0000000008008544                pvTaskIncrementMutexHeldCount
 .text.prvAddCurrentTaskToDelayedList
                0x000000000800856c       0xa8 ./Middlewares/Third_Party/FreeRTOS/Source/tasks.o
 .text.xTimerCreateTimerTask
                0x0000000008008614       0x90 ./Middlewares/Third_Party/FreeRTOS/Source/timers.o
                0x0000000008008614                xTimerCreateTimerTask
 .text.xTimerCreate
                0x00000000080086a4       0x42 ./Middlewares/Third_Party/FreeRTOS/Source/timers.o
                0x00000000080086a4                xTimerCreate
 .text.xTimerCreateStatic
                0x00000000080086e6       0x7c ./Middlewares/Third_Party/FreeRTOS/Source/timers.o
                0x00000000080086e6                xTimerCreateStatic
 .text.prvInitialiseNewTimer
                0x0000000008008762       0x76 ./Middlewares/Third_Party/FreeRTOS/Source/timers.o
 .text.xTimerGenericCommand
                0x00000000080087d8       0x9c ./Middlewares/Third_Party/FreeRTOS/Source/timers.o
                0x00000000080087d8                xTimerGenericCommand
 .text.prvProcessExpiredTimer
                0x0000000008008874       0x98 ./Middlewares/Third_Party/FreeRTOS/Source/timers.o
 .text.prvTimerTask
                0x000000000800890c       0x24 ./Middlewares/Third_Party/FreeRTOS/Source/timers.o
 .text.prvProcessTimerOrBlockTask
                0x0000000008008930       0x9c ./Middlewares/Third_Party/FreeRTOS/Source/timers.o
 .text.prvGetNextExpireTime
                0x00000000080089cc       0x48 ./Middlewares/Third_Party/FreeRTOS/Source/timers.o
 .text.prvSampleTimeNow
                0x0000000008008a14       0x40 ./Middlewares/Third_Party/FreeRTOS/Source/timers.o
 .text.prvInsertTimerInActiveList
                0x0000000008008a54       0x84 ./Middlewares/Third_Party/FreeRTOS/Source/timers.o
 .text.prvProcessReceivedCommands
                0x0000000008008ad8      0x1c4 ./Middlewares/Third_Party/FreeRTOS/Source/timers.o
 .text.prvSwitchTimerLists
                0x0000000008008c9c       0xc8 ./Middlewares/Third_Party/FreeRTOS/Source/timers.o
 .text.prvCheckForValidListAndQueue
                0x0000000008008d64       0x80 ./Middlewares/Third_Party/FreeRTOS/Source/timers.o
 .text.xTimerIsTimerActive
                0x0000000008008de4       0x52 ./Middlewares/Third_Party/FreeRTOS/Source/timers.o
                0x0000000008008de4                xTimerIsTimerActive
 .text.pvTimerGetTimerID
                0x0000000008008e36       0x40 ./Middlewares/Third_Party/FreeRTOS/Source/timers.o
                0x0000000008008e36                pvTimerGetTimerID
 *fill*         0x0000000008008e76        0x2 
 .text.xTimerPendFunctionCallFromISR
                0x0000000008008e78       0x40 ./Middlewares/Third_Party/FreeRTOS/Source/timers.o
                0x0000000008008e78                xTimerPendFunctionCallFromISR
 .text.pxPortInitialiseStack
                0x0000000008008eb8       0x68 ./Middlewares/Third_Party/FreeRTOS/Source/portable/GCC/ARM_CM4F/port.o
                0x0000000008008eb8                pxPortInitialiseStack
 .text.prvTaskExitError
                0x0000000008008f20       0x58 ./Middlewares/Third_Party/FreeRTOS/Source/portable/GCC/ARM_CM4F/port.o
 *fill*         0x0000000008008f78        0x8 
 .text.SVC_Handler
                0x0000000008008f80       0x28 ./Middlewares/Third_Party/FreeRTOS/Source/portable/GCC/ARM_CM4F/port.o
                0x0000000008008f80                SVC_Handler
 .text.prvPortStartFirstTask
                0x0000000008008fa8       0x28 ./Middlewares/Third_Party/FreeRTOS/Source/portable/GCC/ARM_CM4F/port.o
 .text.xPortStartScheduler
                0x0000000008008fd0      0x144 ./Middlewares/Third_Party/FreeRTOS/Source/portable/GCC/ARM_CM4F/port.o
                0x0000000008008fd0                xPortStartScheduler
 .text.vPortEnterCritical
                0x0000000008009114       0x60 ./Middlewares/Third_Party/FreeRTOS/Source/portable/GCC/ARM_CM4F/port.o
                0x0000000008009114                vPortEnterCritical
 .text.vPortExitCritical
                0x0000000008009174       0x54 ./Middlewares/Third_Party/FreeRTOS/Source/portable/GCC/ARM_CM4F/port.o
                0x0000000008009174                vPortExitCritical
 *fill*         0x00000000080091c8        0x8 
 .text.PendSV_Handler
                0x00000000080091d0       0x68 ./Middlewares/Third_Party/FreeRTOS/Source/portable/GCC/ARM_CM4F/port.o
                0x00000000080091d0                PendSV_Handler
 .text.xPortSysTickHandler
                0x0000000008009238       0x44 ./Middlewares/Third_Party/FreeRTOS/Source/portable/GCC/ARM_CM4F/port.o
                0x0000000008009238                xPortSysTickHandler
 .text.vPortSetupTimerInterrupt
                0x000000000800927c       0x48 ./Middlewares/Third_Party/FreeRTOS/Source/portable/GCC/ARM_CM4F/port.o
                0x000000000800927c                vPortSetupTimerInterrupt
 .text.vPortEnableVFP
                0x00000000080092c4       0x14 ./Middlewares/Third_Party/FreeRTOS/Source/portable/GCC/ARM_CM4F/port.o
 .text.vPortValidateInterruptPriority
                0x00000000080092d8       0x80 ./Middlewares/Third_Party/FreeRTOS/Source/portable/GCC/ARM_CM4F/port.o
                0x00000000080092d8                vPortValidateInterruptPriority
 .text.pvPortMalloc
                0x0000000008009358      0x198 ./Middlewares/Third_Party/FreeRTOS/Source/portable/MemMang/heap_4.o
                0x0000000008009358                pvPortMalloc
 .text.vPortFree
                0x00000000080094f0       0xc4 ./Middlewares/Third_Party/FreeRTOS/Source/portable/MemMang/heap_4.o
                0x00000000080094f0                vPortFree
 .text.prvHeapInit
                0x00000000080095b4       0xc4 ./Middlewares/Third_Party/FreeRTOS/Source/portable/MemMang/heap_4.o
 .text.prvInsertBlockIntoFreeList
                0x0000000008009678       0xb4 ./Middlewares/Third_Party/FreeRTOS/Source/portable/MemMang/heap_4.o
 .text._DoInit  0x000000000800972c       0xb0 ./Middlewares/Third_Party/SystemView/SEGGER/SEGGER_RTT.o
 .text.SEGGER_RTT_ReadNoLock
                0x00000000080097dc      0x10c ./Middlewares/Third_Party/SystemView/SEGGER/SEGGER_RTT.o
                0x00000000080097dc                SEGGER_RTT_ReadNoLock
 .text.SEGGER_RTT_AllocUpBuffer
                0x00000000080098e8      0x108 ./Middlewares/Third_Party/SystemView/SEGGER/SEGGER_RTT.o
                0x00000000080098e8                SEGGER_RTT_AllocUpBuffer
 .text.SEGGER_RTT_ConfigDownBuffer
                0x00000000080099f0       0x98 ./Middlewares/Third_Party/SystemView/SEGGER/SEGGER_RTT.o
                0x00000000080099f0                SEGGER_RTT_ConfigDownBuffer
 .text._EncodeStr
                0x0000000008009a88       0xa0 ./Middlewares/Third_Party/SystemView/SEGGER/SEGGER_SYSVIEW.o
 .text._PreparePacket
                0x0000000008009b28       0x18 ./Middlewares/Third_Party/SystemView/SEGGER/SEGGER_SYSVIEW.o
 .text._HandleIncomingPacket
                0x0000000008009b40       0xe0 ./Middlewares/Third_Party/SystemView/SEGGER/SEGGER_SYSVIEW.o
 .text._TrySendOverflowPacket
                0x0000000008009c20       0xe4 ./Middlewares/Third_Party/SystemView/SEGGER/SEGGER_SYSVIEW.o
 .text._SendPacket
                0x0000000008009d04      0x1cc ./Middlewares/Third_Party/SystemView/SEGGER/SEGGER_SYSVIEW.o
 .text.SEGGER_SYSVIEW_Init
                0x0000000008009ed0       0x88 ./Middlewares/Third_Party/SystemView/SEGGER/SEGGER_SYSVIEW.o
                0x0000000008009ed0                SEGGER_SYSVIEW_Init
 .text.SEGGER_SYSVIEW_SetRAMBase
                0x0000000008009f58       0x20 ./Middlewares/Third_Party/SystemView/SEGGER/SEGGER_SYSVIEW.o
                0x0000000008009f58                SEGGER_SYSVIEW_SetRAMBase
 .text.SEGGER_SYSVIEW_RecordVoid
                0x0000000008009f78       0x3c ./Middlewares/Third_Party/SystemView/SEGGER/SEGGER_SYSVIEW.o
                0x0000000008009f78                SEGGER_SYSVIEW_RecordVoid
 .text.SEGGER_SYSVIEW_RecordU32
                0x0000000008009fb4       0x78 ./Middlewares/Third_Party/SystemView/SEGGER/SEGGER_SYSVIEW.o
                0x0000000008009fb4                SEGGER_SYSVIEW_RecordU32
 .text.SEGGER_SYSVIEW_RecordU32x2
                0x000000000800a02c       0xb4 ./Middlewares/Third_Party/SystemView/SEGGER/SEGGER_SYSVIEW.o
                0x000000000800a02c                SEGGER_SYSVIEW_RecordU32x2
 .text.SEGGER_SYSVIEW_RecordU32x3
                0x000000000800a0e0       0xec ./Middlewares/Third_Party/SystemView/SEGGER/SEGGER_SYSVIEW.o
                0x000000000800a0e0                SEGGER_SYSVIEW_RecordU32x3
 .text.SEGGER_SYSVIEW_RecordU32x4
                0x000000000800a1cc      0x124 ./Middlewares/Third_Party/SystemView/SEGGER/SEGGER_SYSVIEW.o
                0x000000000800a1cc                SEGGER_SYSVIEW_RecordU32x4
 .text.SEGGER_SYSVIEW_Start
                0x000000000800a2f0      0x174 ./Middlewares/Third_Party/SystemView/SEGGER/SEGGER_SYSVIEW.o
                0x000000000800a2f0                SEGGER_SYSVIEW_Start
 .text.SEGGER_SYSVIEW_Stop
                0x000000000800a464       0x4c ./Middlewares/Third_Party/SystemView/SEGGER/SEGGER_SYSVIEW.o
                0x000000000800a464                SEGGER_SYSVIEW_Stop
 .text.SEGGER_SYSVIEW_GetSysDesc
                0x000000000800a4b0      0x134 ./Middlewares/Third_Party/SystemView/SEGGER/SEGGER_SYSVIEW.o
                0x000000000800a4b0                SEGGER_SYSVIEW_GetSysDesc
 .text.SEGGER_SYSVIEW_SendTaskInfo
                0x000000000800a5e4      0x1c8 ./Middlewares/Third_Party/SystemView/SEGGER/SEGGER_SYSVIEW.o
                0x000000000800a5e4                SEGGER_SYSVIEW_SendTaskInfo
 .text.SEGGER_SYSVIEW_SendTaskList
                0x000000000800a7ac       0x28 ./Middlewares/Third_Party/SystemView/SEGGER/SEGGER_SYSVIEW.o
                0x000000000800a7ac                SEGGER_SYSVIEW_SendTaskList
 .text.SEGGER_SYSVIEW_SendSysDesc
                0x000000000800a7d4       0x48 ./Middlewares/Third_Party/SystemView/SEGGER/SEGGER_SYSVIEW.o
                0x000000000800a7d4                SEGGER_SYSVIEW_SendSysDesc
 .text.SEGGER_SYSVIEW_RecordSystime
                0x000000000800a81c       0x64 ./Middlewares/Third_Party/SystemView/SEGGER/SEGGER_SYSVIEW.o
                0x000000000800a81c                SEGGER_SYSVIEW_RecordSystime
 .text.SEGGER_SYSVIEW_OnIdle
                0x000000000800a880       0x38 ./Middlewares/Third_Party/SystemView/SEGGER/SEGGER_SYSVIEW.o
                0x000000000800a880                SEGGER_SYSVIEW_OnIdle
 .text.SEGGER_SYSVIEW_OnTaskCreate
                0x000000000800a8b8       0x84 ./Middlewares/Third_Party/SystemView/SEGGER/SEGGER_SYSVIEW.o
                0x000000000800a8b8                SEGGER_SYSVIEW_OnTaskCreate
 .text.SEGGER_SYSVIEW_OnTaskStartExec
                0x000000000800a93c       0x84 ./Middlewares/Third_Party/SystemView/SEGGER/SEGGER_SYSVIEW.o
                0x000000000800a93c                SEGGER_SYSVIEW_OnTaskStartExec
 .text.SEGGER_SYSVIEW_OnTaskStartReady
                0x000000000800a9c0       0x84 ./Middlewares/Third_Party/SystemView/SEGGER/SEGGER_SYSVIEW.o
                0x000000000800a9c0                SEGGER_SYSVIEW_OnTaskStartReady
 .text.SEGGER_SYSVIEW_ShrinkId
                0x000000000800aa44       0x20 ./Middlewares/Third_Party/SystemView/SEGGER/SEGGER_SYSVIEW.o
                0x000000000800aa44                SEGGER_SYSVIEW_ShrinkId
 .text.SEGGER_SYSVIEW_SendModule
                0x000000000800aa64      0x100 ./Middlewares/Third_Party/SystemView/SEGGER/SEGGER_SYSVIEW.o
                0x000000000800aa64                SEGGER_SYSVIEW_SendModule
 .text.SEGGER_SYSVIEW_SendModuleDescription
                0x000000000800ab64       0x3c ./Middlewares/Third_Party/SystemView/SEGGER/SEGGER_SYSVIEW.o
                0x000000000800ab64                SEGGER_SYSVIEW_SendModuleDescription
 .text.SEGGER_SYSVIEW_SendNumModules
                0x000000000800aba0       0x7c ./Middlewares/Third_Party/SystemView/SEGGER/SEGGER_SYSVIEW.o
                0x000000000800aba0                SEGGER_SYSVIEW_SendNumModules
 .text.SEGGER_SYSVIEW_Warn
                0x000000000800ac1c       0xb8 ./Middlewares/Third_Party/SystemView/SEGGER/SEGGER_SYSVIEW.o
                0x000000000800ac1c                SEGGER_SYSVIEW_Warn
 .text.__NVIC_EnableIRQ
                0x000000000800acd4       0x3c ./Middlewares/Third_Party/SystemView/Sample/FreeRTOS/Config/SEGGER_SYSVIEW_Config_FreeRTOS.o
 .text.LL_APB1_GRP1_EnableClock
                0x000000000800ad10       0x30 ./Middlewares/Third_Party/SystemView/Sample/FreeRTOS/Config/SEGGER_SYSVIEW_Config_FreeRTOS.o
 .text.LL_TIM_EnableCounter
                0x000000000800ad40       0x20 ./Middlewares/Third_Party/SystemView/Sample/FreeRTOS/Config/SEGGER_SYSVIEW_Config_FreeRTOS.o
 .text.LL_TIM_SetPrescaler
                0x000000000800ad60       0x1c ./Middlewares/Third_Party/SystemView/Sample/FreeRTOS/Config/SEGGER_SYSVIEW_Config_FreeRTOS.o
 .text.LL_TIM_ClearFlag_UPDATE
                0x000000000800ad7c       0x1c ./Middlewares/Third_Party/SystemView/Sample/FreeRTOS/Config/SEGGER_SYSVIEW_Config_FreeRTOS.o
 .text.LL_TIM_IsActiveFlag_UPDATE
                0x000000000800ad98       0x26 ./Middlewares/Third_Party/SystemView/Sample/FreeRTOS/Config/SEGGER_SYSVIEW_Config_FreeRTOS.o
 .text.LL_TIM_EnableIT_UPDATE
                0x000000000800adbe       0x20 ./Middlewares/Third_Party/SystemView/Sample/FreeRTOS/Config/SEGGER_SYSVIEW_Config_FreeRTOS.o
 *fill*         0x000000000800adde        0x2 
 .text._cbSendSystemDesc
                0x000000000800ade0       0x14 ./Middlewares/Third_Party/SystemView/Sample/FreeRTOS/Config/SEGGER_SYSVIEW_Config_FreeRTOS.o
 .text.TIM7_IRQHandler
                0x000000000800adf4       0x2c ./Middlewares/Third_Party/SystemView/Sample/FreeRTOS/Config/SEGGER_SYSVIEW_Config_FreeRTOS.o
                0x000000000800adf4                TIM7_IRQHandler
 .text.SEGGER_SYSVIEW_TimeStampInit
                0x000000000800ae20       0x48 ./Middlewares/Third_Party/SystemView/Sample/FreeRTOS/Config/SEGGER_SYSVIEW_Config_FreeRTOS.o
 .text.SEGGER_SYSVIEW_Conf
                0x000000000800ae68       0x30 ./Middlewares/Third_Party/SystemView/Sample/FreeRTOS/Config/SEGGER_SYSVIEW_Config_FreeRTOS.o
                0x000000000800ae68                SEGGER_SYSVIEW_Conf
 .text._cbSendTaskList
                0x000000000800ae98       0xbc ./Middlewares/Third_Party/SystemView/Sample/FreeRTOS/SEGGER_SYSVIEW_FreeRTOS.o
 .text._cbGetTime
                0x000000000800af54       0x86 ./Middlewares/Third_Party/SystemView/Sample/FreeRTOS/SEGGER_SYSVIEW_FreeRTOS.o
 *fill*         0x000000000800afda        0x2 
 .text.SYSVIEW_AddTask
                0x000000000800afdc       0xd0 ./Middlewares/Third_Party/SystemView/Sample/FreeRTOS/SEGGER_SYSVIEW_FreeRTOS.o
                0x000000000800afdc                SYSVIEW_AddTask
 .text.SYSVIEW_SendTaskInfo
                0x000000000800b0ac       0x42 ./Middlewares/Third_Party/SystemView/Sample/FreeRTOS/SEGGER_SYSVIEW_FreeRTOS.o
                0x000000000800b0ac                SYSVIEW_SendTaskInfo
 .text.memcmp   0x000000000800b0ee       0x20 C:/ST/STM32CubeIDE_1.14.1/STM32CubeIDE/plugins/com.st.stm32cube.ide.mcu.externaltools.gnu-tools-for-stm32.11.3.rel1.win32_1.1.100.202309141235/tools/bin/../lib/gcc/arm-none-eabi/11.3.1/../../../../arm-none-eabi/lib/thumb/v7e-m+fp/hard\libc_nano.a(libc_a-memcmp.o)
                0x000000000800b0ee                memcmp
 .text.memset   0x000000000800b10e       0x10 C:/ST/STM32CubeIDE_1.14.1/STM32CubeIDE/plugins/com.st.stm32cube.ide.mcu.externaltools.gnu-tools-for-stm32.11.3.rel1.win32_1.1.100.202309141235/tools/bin/../lib/gcc/arm-none-eabi/11.3.1/../../../../arm-none-eabi/lib/thumb/v7e-m+fp/hard\libc_nano.a(libc_a-memset.o)
                0x000000000800b10e                memset
 *fill*         0x000000000800b11e        0x2 
 .text._reclaim_reent
                0x000000000800b120       0xac C:/ST/STM32CubeIDE_1.14.1/STM32CubeIDE/plugins/com.st.stm32cube.ide.mcu.externaltools.gnu-tools-for-stm32.11.3.rel1.win32_1.1.100.202309141235/tools/bin/../lib/gcc/arm-none-eabi/11.3.1/../../../../arm-none-eabi/lib/thumb/v7e-m+fp/hard\libc_nano.a(libc_a-reent.o)
                0x000000000800b120                _reclaim_reent
 .text.__libc_init_array
                0x000000000800b1cc       0x48 C:/ST/STM32CubeIDE_1.14.1/STM32CubeIDE/plugins/com.st.stm32cube.ide.mcu.externaltools.gnu-tools-for-stm32.11.3.rel1.win32_1.1.100.202309141235/tools/bin/../lib/gcc/arm-none-eabi/11.3.1/../../../../arm-none-eabi/lib/thumb/v7e-m+fp/hard\libc_nano.a(libc_a-init.o)
                0x000000000800b1cc                __libc_init_array
 .text.__retarget_lock_acquire_recursive
                0x000000000800b214        0x2 C:/ST/STM32CubeIDE_1.14.1/STM32CubeIDE/plugins/com.st.stm32cube.ide.mcu.externaltools.gnu-tools-for-stm32.11.3.rel1.win32_1.1.100.202309141235/tools/bin/../lib/gcc/arm-none-eabi/11.3.1/../../../../arm-none-eabi/lib/thumb/v7e-m+fp/hard\libc_nano.a(libc_a-lock.o)
                0x000000000800b214                __retarget_lock_acquire_recursive
 .text.__retarget_lock_release_recursive
                0x000000000800b216        0x2 C:/ST/STM32CubeIDE_1.14.1/STM32CubeIDE/plugins/com.st.stm32cube.ide.mcu.externaltools.gnu-tools-for-stm32.11.3.rel1.win32_1.1.100.202309141235/tools/bin/../lib/gcc/arm-none-eabi/11.3.1/../../../../arm-none-eabi/lib/thumb/v7e-m+fp/hard\libc_nano.a(libc_a-lock.o)
                0x000000000800b216                __retarget_lock_release_recursive
 .text.memcpy   0x000000000800b218       0x1c C:/ST/STM32CubeIDE_1.14.1/STM32CubeIDE/plugins/com.st.stm32cube.ide.mcu.externaltools.gnu-tools-for-stm32.11.3.rel1.win32_1.1.100.202309141235/tools/bin/../lib/gcc/arm-none-eabi/11.3.1/../../../../arm-none-eabi/lib/thumb/v7e-m+fp/hard\libc_nano.a(libc_a-memcpy-stub.o)
                0x000000000800b218                memcpy
 .text._free_r  0x000000000800b234       0x98 C:/ST/STM32CubeIDE_1.14.1/STM32CubeIDE/plugins/com.st.stm32cube.ide.mcu.externaltools.gnu-tools-for-stm32.11.3.rel1.win32_1.1.100.202309141235/tools/bin/../lib/gcc/arm-none-eabi/11.3.1/../../../../arm-none-eabi/lib/thumb/v7e-m+fp/hard\libc_nano.a(libc_a-freer.o)
                0x000000000800b234                _free_r
 .text.__malloc_lock
                0x000000000800b2cc        0xc C:/ST/STM32CubeIDE_1.14.1/STM32CubeIDE/plugins/com.st.stm32cube.ide.mcu.externaltools.gnu-tools-for-stm32.11.3.rel1.win32_1.1.100.202309141235/tools/bin/../lib/gcc/arm-none-eabi/11.3.1/../../../../arm-none-eabi/lib/thumb/v7e-m+fp/hard\libc_nano.a(libc_a-mlock.o)
                0x000000000800b2cc                __malloc_lock
 .text.__malloc_unlock
                0x000000000800b2d8        0xc C:/ST/STM32CubeIDE_1.14.1/STM32CubeIDE/plugins/com.st.stm32cube.ide.mcu.externaltools.gnu-tools-for-stm32.11.3.rel1.win32_1.1.100.202309141235/tools/bin/../lib/gcc/arm-none-eabi/11.3.1/../../../../arm-none-eabi/lib/thumb/v7e-m+fp/hard\libc_nano.a(libc_a-mlock.o)
                0x000000000800b2d8                __malloc_unlock
 *(.glue_7)
 .glue_7        0x000000000800b2e4        0x0 linker stubs
 *(.glue_7t)
 .glue_7t       0x000000000800b2e4        0x0 linker stubs
 *(.eh_frame)
 .eh_frame      0x000000000800b2e4        0x0 C:/ST/STM32CubeIDE_1.14.1/STM32CubeIDE/plugins/com.st.stm32cube.ide.mcu.externaltools.gnu-tools-for-stm32.11.3.rel1.win32_1.1.100.202309141235/tools/bin/../lib/gcc/arm-none-eabi/11.3.1/thumb/v7e-m+fp/hard/crtbegin.o
 *(.init)
 .init          0x000000000800b2e4        0x4 C:/ST/STM32CubeIDE_1.14.1/STM32CubeIDE/plugins/com.st.stm32cube.ide.mcu.externaltools.gnu-tools-for-stm32.11.3.rel1.win32_1.1.100.202309141235/tools/bin/../lib/gcc/arm-none-eabi/11.3.1/thumb/v7e-m+fp/hard/crti.o
                0x000000000800b2e4                _init
 .init          0x000000000800b2e8        0x8 C:/ST/STM32CubeIDE_1.14.1/STM32CubeIDE/plugins/com.st.stm32cube.ide.mcu.externaltools.gnu-tools-for-stm32.11.3.rel1.win32_1.1.100.202309141235/tools/bin/../lib/gcc/arm-none-eabi/11.3.1/thumb/v7e-m+fp/hard/crtn.o
 *(.fini)
 .fini          0x000000000800b2f0        0x4 C:/ST/STM32CubeIDE_1.14.1/STM32CubeIDE/plugins/com.st.stm32cube.ide.mcu.externaltools.gnu-tools-for-stm32.11.3.rel1.win32_1.1.100.202309141235/tools/bin/../lib/gcc/arm-none-eabi/11.3.1/thumb/v7e-m+fp/hard/crti.o
                0x000000000800b2f0                _fini
 .fini          0x000000000800b2f4        0x8 C:/ST/STM32CubeIDE_1.14.1/STM32CubeIDE/plugins/com.st.stm32cube.ide.mcu.externaltools.gnu-tools-for-stm32.11.3.rel1.win32_1.1.100.202309141235/tools/bin/../lib/gcc/arm-none-eabi/11.3.1/thumb/v7e-m+fp/hard/crtn.o
                0x000000000800b2fc                . = ALIGN (0x4)
                0x000000000800b2fc                _etext = .

.vfp11_veneer   0x000000000800b2fc        0x0
 .vfp11_veneer  0x000000000800b2fc        0x0 linker stubs

.v4_bx          0x000000000800b2fc        0x0
 .v4_bx         0x000000000800b2fc        0x0 linker stubs

.iplt           0x000000000800b2fc        0x0
 .iplt          0x000000000800b2fc        0x0 C:/ST/STM32CubeIDE_1.14.1/STM32CubeIDE/plugins/com.st.stm32cube.ide.mcu.externaltools.gnu-tools-for-stm32.11.3.rel1.win32_1.1.100.202309141235/tools/bin/../lib/gcc/arm-none-eabi/11.3.1/thumb/v7e-m+fp/hard/crtbegin.o

.rodata         0x000000000800b2fc     0x1528
                0x000000000800b2fc                . = ALIGN (0x4)
 *(.rodata)
 .rodata        0x000000000800b2fc       0xe7 ./Core/Src/ApplicationCode.o
 *fill*         0x000000000800b3e3        0x1 
 .rodata        0x000000000800b3e4       0x90 ./Core/Src/main.o
 .rodata        0x000000000800b474        0x5 ./Middlewares/Third_Party/FreeRTOS/Source/tasks.o
 *fill*         0x000000000800b479        0x3 
 .rodata        0x000000000800b47c        0xd ./Middlewares/Third_Party/FreeRTOS/Source/timers.o
 *fill*         0x000000000800b489        0x3 
 .rodata        0x000000000800b48c       0x17 ./Middlewares/Third_Party/SystemView/SEGGER/SEGGER_RTT.o
 *fill*         0x000000000800b4a3        0x1 
 .rodata        0x000000000800b4a4        0x8 ./Middlewares/Third_Party/SystemView/SEGGER/SEGGER_SYSVIEW.o
 .rodata        0x000000000800b4ac       0x33 ./Middlewares/Third_Party/SystemView/Sample/FreeRTOS/Config/SEGGER_SYSVIEW_Config_FreeRTOS.o
 *fill*         0x000000000800b4df        0x1 
 .rodata        0x000000000800b4e0       0x58 ./Middlewares/Third_Party/SystemView/Sample/FreeRTOS/SEGGER_SYSVIEW_FreeRTOS.o
 *(.rodata*)
 .rodata.Speed_Setpoint_Attributes
                0x000000000800b538       0x24 ./Core/Src/ApplicationCode.o
 .rodata.Vehicle_Direction_Attributes
                0x000000000800b55c       0x24 ./Core/Src/ApplicationCode.o
 .rodata.Vehicle_Monitor_Attributes
                0x000000000800b580       0x24 ./Core/Src/ApplicationCode.o
 .rodata.LED_output_Attributes
                0x000000000800b5a4       0x24 ./Core/Src/ApplicationCode.o
 .rodata.LCD_Display_Attributes
                0x000000000800b5c8       0x24 ./Core/Src/ApplicationCode.o
 .rodata.Btn_Timer_Attributes
                0x000000000800b5ec       0x10 ./Core/Src/ApplicationCode.o
 .rodata.Gyro_Timer_Attributes
                0x000000000800b5fc       0x10 ./Core/Src/ApplicationCode.o
 .rodata.ASCII16x24_Table
                0x000000000800b60c     0x11d0 ./Core/Src/fonts.o
                0x000000000800b60c                ASCII16x24_Table
 .rodata.defaultTask_attributes
                0x000000000800c7dc       0x24 ./Core/Src/main.o
                0x000000000800c7dc                defaultTask_attributes
 .rodata.AHBPrescTable
                0x000000000800c800       0x10 ./Core/Src/system_stm32f4xx.o
                0x000000000800c800                AHBPrescTable
 .rodata._abSync
                0x000000000800c810        0xa ./Middlewares/Third_Party/SystemView/SEGGER/SEGGER_SYSVIEW.o
 *fill*         0x000000000800c81a        0x2 
 .rodata.SYSVIEW_X_OS_TraceAPI
                0x000000000800c81c        0x8 ./Middlewares/Third_Party/SystemView/Sample/FreeRTOS/SEGGER_SYSVIEW_FreeRTOS.o
                0x000000000800c81c                SYSVIEW_X_OS_TraceAPI
                0x000000000800c824                . = ALIGN (0x4)

.ARM.extab      0x000000000800c824        0x0
                0x000000000800c824                . = ALIGN (0x4)
 *(.ARM.extab* .gnu.linkonce.armextab.*)
                0x000000000800c824                . = ALIGN (0x4)

.ARM            0x000000000800c824        0x8
                0x000000000800c824                . = ALIGN (0x4)
                0x000000000800c824                __exidx_start = .
 *(.ARM.exidx*)
 .ARM.exidx     0x000000000800c824        0x8 C:/ST/STM32CubeIDE_1.14.1/STM32CubeIDE/plugins/com.st.stm32cube.ide.mcu.externaltools.gnu-tools-for-stm32.11.3.rel1.win32_1.1.100.202309141235/tools/bin/../lib/gcc/arm-none-eabi/11.3.1/thumb/v7e-m+fp/hard\libgcc.a(_udivmoddi4.o)
                0x000000000800c82c                __exidx_end = .
                0x000000000800c82c                . = ALIGN (0x4)

.rel.dyn        0x000000000800c82c        0x0
 .rel.iplt      0x000000000800c82c        0x0 C:/ST/STM32CubeIDE_1.14.1/STM32CubeIDE/plugins/com.st.stm32cube.ide.mcu.externaltools.gnu-tools-for-stm32.11.3.rel1.win32_1.1.100.202309141235/tools/bin/../lib/gcc/arm-none-eabi/11.3.1/thumb/v7e-m+fp/hard/crtbegin.o

.preinit_array  0x000000000800c82c        0x0
                0x000000000800c82c                . = ALIGN (0x4)
                0x000000000800c82c                PROVIDE (__preinit_array_start = .)
 *(.preinit_array*)
                0x000000000800c82c                PROVIDE (__preinit_array_end = .)
                0x000000000800c82c                . = ALIGN (0x4)

.init_array     0x000000000800c82c        0x4
                0x000000000800c82c                . = ALIGN (0x4)
                0x000000000800c82c                PROVIDE (__init_array_start = .)
 *(SORT_BY_NAME(.init_array.*))
 *(.init_array*)
 .init_array    0x000000000800c82c        0x4 C:/ST/STM32CubeIDE_1.14.1/STM32CubeIDE/plugins/com.st.stm32cube.ide.mcu.externaltools.gnu-tools-for-stm32.11.3.rel1.win32_1.1.100.202309141235/tools/bin/../lib/gcc/arm-none-eabi/11.3.1/thumb/v7e-m+fp/hard/crtbegin.o
                0x000000000800c830                PROVIDE (__init_array_end = .)
                0x000000000800c830                . = ALIGN (0x4)

.fini_array     0x000000000800c830        0x4
                0x000000000800c830                . = ALIGN (0x4)
                [!provide]                        PROVIDE (__fini_array_start = .)
 *(SORT_BY_NAME(.fini_array.*))
 *(.fini_array*)
 .fini_array    0x000000000800c830        0x4 C:/ST/STM32CubeIDE_1.14.1/STM32CubeIDE/plugins/com.st.stm32cube.ide.mcu.externaltools.gnu-tools-for-stm32.11.3.rel1.win32_1.1.100.202309141235/tools/bin/../lib/gcc/arm-none-eabi/11.3.1/thumb/v7e-m+fp/hard/crtbegin.o
                [!provide]                        PROVIDE (__fini_array_end = .)
                0x000000000800c834                . = ALIGN (0x4)
                0x000000000800c834                _sidata = LOADADDR (.data)

.data           0x0000000020000000       0x70 load address 0x000000000800c834
                0x0000000020000000                . = ALIGN (0x4)
                0x0000000020000000                _sdata = .
 *(.data)
 *(.data*)
 .data.CurrentTextColor
                0x0000000020000000        0x2 ./Core/Src/LCD_Driver.o
 *fill*         0x0000000020000002        0x2 
 .data.SpiTimeout
                0x0000000020000004        0x4 ./Core/Src/LCD_Driver.o
                0x0000000020000004                SpiTimeout
 .data.Font16x24
                0x0000000020000008        0x8 ./Core/Src/fonts.o
                0x0000000020000008                Font16x24
 .data.SystemCoreClock
                0x0000000020000010        0x4 ./Core/Src/system_stm32f4xx.o
                0x0000000020000010                SystemCoreClock
 .data.uwTickPrio
                0x0000000020000014        0x4 ./Drivers/STM32F4xx_HAL_Driver/Src/stm32f4xx_hal.o
                0x0000000020000014                uwTickPrio
 .data.uwTickFreq
                0x0000000020000018        0x1 ./Drivers/STM32F4xx_HAL_Driver/Src/stm32f4xx_hal.o
                0x0000000020000018                uwTickFreq
 *fill*         0x0000000020000019        0x3 
 .data.uxCriticalNesting
                0x000000002000001c        0x4 ./Middlewares/Third_Party/FreeRTOS/Source/portable/GCC/ARM_CM4F/port.o
 .data._impure_data
                0x0000000020000020       0x4c C:/ST/STM32CubeIDE_1.14.1/STM32CubeIDE/plugins/com.st.stm32cube.ide.mcu.externaltools.gnu-tools-for-stm32.11.3.rel1.win32_1.1.100.202309141235/tools/bin/../lib/gcc/arm-none-eabi/11.3.1/../../../../arm-none-eabi/lib/thumb/v7e-m+fp/hard\libc_nano.a(libc_a-impure.o)
                0x0000000020000020                _impure_data
 .data._impure_ptr
                0x000000002000006c        0x4 C:/ST/STM32CubeIDE_1.14.1/STM32CubeIDE/plugins/com.st.stm32cube.ide.mcu.externaltools.gnu-tools-for-stm32.11.3.rel1.win32_1.1.100.202309141235/tools/bin/../lib/gcc/arm-none-eabi/11.3.1/../../../../arm-none-eabi/lib/thumb/v7e-m+fp/hard\libc_nano.a(libc_a-impure.o)
                0x000000002000006c                _impure_ptr
 *(.RamFunc)
 *(.RamFunc*)
                0x0000000020000070                . = ALIGN (0x4)
                0x0000000020000070                _edata = .
                0x000000000800c8a4                _siccmram = LOADADDR (.ccmram)

.igot.plt       0x0000000020000070        0x0 load address 0x000000000800c8a4
 .igot.plt      0x0000000020000070        0x0 C:/ST/STM32CubeIDE_1.14.1/STM32CubeIDE/plugins/com.st.stm32cube.ide.mcu.externaltools.gnu-tools-for-stm32.11.3.rel1.win32_1.1.100.202309141235/tools/bin/../lib/gcc/arm-none-eabi/11.3.1/thumb/v7e-m+fp/hard/crtbegin.o

.ccmram         0x0000000010000000        0x0 load address 0x000000000800c8a4
                0x0000000010000000                . = ALIGN (0x4)
                0x0000000010000000                _sccmram = .
 *(.ccmram)
 *(.ccmram*)
                0x0000000010000000                . = ALIGN (0x4)
                0x0000000010000000                _eccmram = .
                0x0000000010000000                . = ALIGN (0x4)

.bss            0x0000000020000070    0x2c830
                0x0000000020000070                _sbss = .
                0x0000000020000070                __bss_start__ = _sbss
 *(.bss)
 .bss           0x0000000020000070       0x1c C:/ST/STM32CubeIDE_1.14.1/STM32CubeIDE/plugins/com.st.stm32cube.ide.mcu.externaltools.gnu-tools-for-stm32.11.3.rel1.win32_1.1.100.202309141235/tools/bin/../lib/gcc/arm-none-eabi/11.3.1/thumb/v7e-m+fp/hard/crtbegin.o
 *(.bss*)
 .bss.Lab7_SPEED_SETPOINT_TASK_CB
                0x000000002000008c       0xa8 ./Core/Src/ApplicationCode.o
 .bss.Lab7_SPEED_SETPOINT_TASK_Stack
                0x0000000020000134      0x400 ./Core/Src/ApplicationCode.o
 .bss.Lab7_VEHICLE_DIRECTION_TASK_CB
                0x0000000020000534       0xa8 ./Core/Src/ApplicationCode.o
 .bss.Lab7_VEHICLE_DIRECTION_TASK_Stack
                0x00000000200005dc      0x400 ./Core/Src/ApplicationCode.o
 .bss.Lab7_VEHICLE_MONITOR_TASK_CB
                0x00000000200009dc       0xa8 ./Core/Src/ApplicationCode.o
 .bss.Lab7_VEHICLE_MONITOR_TASK_Stack
                0x0000000020000a84      0x400 ./Core/Src/ApplicationCode.o
 .bss.Lab7_LED_OUTPUT_TASK_CB
                0x0000000020000e84       0xa8 ./Core/Src/ApplicationCode.o
 .bss.Lab7_LED_OUTPUT_TASK_Stack
                0x0000000020000f2c      0x400 ./Core/Src/ApplicationCode.o
 .bss.Lab7_LCD_DISPLAY_TASK_CB
                0x000000002000132c       0xa8 ./Core/Src/ApplicationCode.o
 .bss.Lab7_LCD_DISPLAY_TASK_Stack
                0x00000000200013d4      0x400 ./Core/Src/ApplicationCode.o
 .bss.btn_speedup
                0x00000000200017d4        0x4 ./Core/Src/ApplicationCode.o
                0x00000000200017d4                btn_speedup
 .bss.speedData
                0x00000000200017d8        0x3 ./Core/Src/ApplicationCode.o
                0x00000000200017d8                speedData
 *fill*         0x00000000200017db        0x1 
 .bss.directionData
                0x00000000200017dc        0x8 ./Core/Src/ApplicationCode.o
                0x00000000200017dc                directionData
 .bss.Lab7_SPEED_SETPOINT_TASK_ID
                0x00000000200017e4        0x4 ./Core/Src/ApplicationCode.o
 .bss.Lab7_VEHICLE_DIRECTION_TASK_ID
                0x00000000200017e8        0x4 ./Core/Src/ApplicationCode.o
 .bss.Lab7_VEHICLE_MONITOR_TASK_ID
                0x00000000200017ec        0x4 ./Core/Src/ApplicationCode.o
 .bss.Lab7_LED_OUTPUT_TASK_ID
                0x00000000200017f0        0x4 ./Core/Src/ApplicationCode.o
 .bss.Lab7_LCD_DISPLAY_TASK_ID
                0x00000000200017f4        0x4 ./Core/Src/ApplicationCode.o
 .bss.Lab7_EventFlagID
                0x00000000200017f8        0x4 ./Core/Src/ApplicationCode.o
 .bss.Lab7_Btn_SemaphoreID
                0x00000000200017fc        0x4 ./Core/Src/ApplicationCode.o
 .bss.Lab7_Gyro_SemaphoreID
                0x0000000020001800        0x4 ./Core/Src/ApplicationCode.o
 .bss.Lab7_LCD_SemaphoreID
                0x0000000020001804        0x4 ./Core/Src/ApplicationCode.o
 .bss.Lab7_Btn_Timer_ID
                0x0000000020001808        0x4 ./Core/Src/ApplicationCode.o
 .bss.Lab7_Gyro_Timer_ID
                0x000000002000180c        0x4 ./Core/Src/ApplicationCode.o
 .bss.Lab7_Btn_Timer_CB
                0x0000000020001810       0x2c ./Core/Src/ApplicationCode.o
 .bss.Lab7_Gyro_Timer_CB
                0x000000002000183c       0x2c ./Core/Src/ApplicationCode.o
 .bss.Lab7_Speed_Setpoint_Mutex_ID
                0x0000000020001868        0x4 ./Core/Src/ApplicationCode.o
 .bss.Lab7_Vehicle_Direction_Mutex_ID
                0x000000002000186c        0x4 ./Core/Src/ApplicationCode.o
 .bss.HAL_Status
                0x0000000020001870        0x1 ./Core/Src/Gyro_Driver.o
 *fill*         0x0000000020001871        0x3 
 .bss.hltdc     0x0000000020001874       0xa8 ./Core/Src/LCD_Driver.o
 .bss.PeriphClkInitStruct
                0x000000002000191c       0x30 ./Core/Src/LCD_Driver.o
 .bss.LCD_Currentfonts
                0x000000002000194c        0x4 ./Core/Src/LCD_Driver.o
 .bss.SpiHandle
                0x0000000020001950       0x58 ./Core/Src/LCD_Driver.o
 .bss.frameBuffer
                0x00000000200019a8    0x25800 ./Core/Src/LCD_Driver.o
                0x00000000200019a8                frameBuffer
 .bss.Is_LCD_IO_Initialized
                0x00000000200271a8        0x1 ./Core/Src/LCD_Driver.o
 *fill*         0x00000000200271a9        0x3 
 .bss.hltdc     0x00000000200271ac       0xa8 ./Core/Src/main.o
                0x00000000200271ac                hltdc
 .bss.hspi5     0x0000000020027254       0x58 ./Core/Src/main.o
                0x0000000020027254                hspi5
 .bss.htim11    0x00000000200272ac       0x48 ./Core/Src/main.o
                0x00000000200272ac                htim11
 .bss.defaultTaskHandle
                0x00000000200272f4        0x4 ./Core/Src/main.o
                0x00000000200272f4                defaultTaskHandle
 .bss.uwTick    0x00000000200272f8        0x4 ./Drivers/STM32F4xx_HAL_Driver/Src/stm32f4xx_hal.o
                0x00000000200272f8                uwTick
 .bss.KernelState
                0x00000000200272fc        0x4 ./Middlewares/Third_Party/FreeRTOS/Source/CMSIS_RTOS_V2/cmsis_os2.o
 .bss.Idle_TCB.3
                0x0000000020027300       0xa8 ./Middlewares/Third_Party/FreeRTOS/Source/CMSIS_RTOS_V2/cmsis_os2.o
 .bss.Idle_Stack.2
                0x00000000200273a8      0x200 ./Middlewares/Third_Party/FreeRTOS/Source/CMSIS_RTOS_V2/cmsis_os2.o
 .bss.Timer_TCB.1
                0x00000000200275a8       0xa8 ./Middlewares/Third_Party/FreeRTOS/Source/CMSIS_RTOS_V2/cmsis_os2.o
 .bss.Timer_Stack.0
                0x0000000020027650      0x400 ./Middlewares/Third_Party/FreeRTOS/Source/CMSIS_RTOS_V2/cmsis_os2.o
 .bss.xQueueRegistry
                0x0000000020027a50       0x40 ./Middlewares/Third_Party/FreeRTOS/Source/queue.o
                0x0000000020027a50                xQueueRegistry
 .bss.pxCurrentTCB
                0x0000000020027a90        0x4 ./Middlewares/Third_Party/FreeRTOS/Source/tasks.o
                0x0000000020027a90                pxCurrentTCB
 .bss.pxReadyTasksLists
                0x0000000020027a94      0x460 ./Middlewares/Third_Party/FreeRTOS/Source/tasks.o
 .bss.xDelayedTaskList1
                0x0000000020027ef4       0x14 ./Middlewares/Third_Party/FreeRTOS/Source/tasks.o
 .bss.xDelayedTaskList2
                0x0000000020027f08       0x14 ./Middlewares/Third_Party/FreeRTOS/Source/tasks.o
 .bss.pxDelayedTaskList
                0x0000000020027f1c        0x4 ./Middlewares/Third_Party/FreeRTOS/Source/tasks.o
 .bss.pxOverflowDelayedTaskList
                0x0000000020027f20        0x4 ./Middlewares/Third_Party/FreeRTOS/Source/tasks.o
 .bss.xPendingReadyList
                0x0000000020027f24       0x14 ./Middlewares/Third_Party/FreeRTOS/Source/tasks.o
 .bss.xTasksWaitingTermination
                0x0000000020027f38       0x14 ./Middlewares/Third_Party/FreeRTOS/Source/tasks.o
 .bss.uxDeletedTasksWaitingCleanUp
                0x0000000020027f4c        0x4 ./Middlewares/Third_Party/FreeRTOS/Source/tasks.o
 .bss.xSuspendedTaskList
                0x0000000020027f50       0x14 ./Middlewares/Third_Party/FreeRTOS/Source/tasks.o
 .bss.uxCurrentNumberOfTasks
                0x0000000020027f64        0x4 ./Middlewares/Third_Party/FreeRTOS/Source/tasks.o
 .bss.xTickCount
                0x0000000020027f68        0x4 ./Middlewares/Third_Party/FreeRTOS/Source/tasks.o
 .bss.uxTopReadyPriority
                0x0000000020027f6c        0x4 ./Middlewares/Third_Party/FreeRTOS/Source/tasks.o
 .bss.xSchedulerRunning
                0x0000000020027f70        0x4 ./Middlewares/Third_Party/FreeRTOS/Source/tasks.o
 .bss.xPendedTicks
                0x0000000020027f74        0x4 ./Middlewares/Third_Party/FreeRTOS/Source/tasks.o
 .bss.xYieldPending
                0x0000000020027f78        0x4 ./Middlewares/Third_Party/FreeRTOS/Source/tasks.o
 .bss.xNumOfOverflows
                0x0000000020027f7c        0x4 ./Middlewares/Third_Party/FreeRTOS/Source/tasks.o
 .bss.uxTaskNumber
                0x0000000020027f80        0x4 ./Middlewares/Third_Party/FreeRTOS/Source/tasks.o
 .bss.xNextTaskUnblockTime
                0x0000000020027f84        0x4 ./Middlewares/Third_Party/FreeRTOS/Source/tasks.o
 .bss.xIdleTaskHandle
                0x0000000020027f88        0x4 ./Middlewares/Third_Party/FreeRTOS/Source/tasks.o
 .bss.uxSchedulerSuspended
                0x0000000020027f8c        0x4 ./Middlewares/Third_Party/FreeRTOS/Source/tasks.o
 .bss.xActiveTimerList1
                0x0000000020027f90       0x14 ./Middlewares/Third_Party/FreeRTOS/Source/timers.o
 .bss.xActiveTimerList2
                0x0000000020027fa4       0x14 ./Middlewares/Third_Party/FreeRTOS/Source/timers.o
 .bss.pxCurrentTimerList
                0x0000000020027fb8        0x4 ./Middlewares/Third_Party/FreeRTOS/Source/timers.o
 .bss.pxOverflowTimerList
                0x0000000020027fbc        0x4 ./Middlewares/Third_Party/FreeRTOS/Source/timers.o
 .bss.xTimerQueue
                0x0000000020027fc0        0x4 ./Middlewares/Third_Party/FreeRTOS/Source/timers.o
 .bss.xTimerTaskHandle
                0x0000000020027fc4        0x4 ./Middlewares/Third_Party/FreeRTOS/Source/timers.o
 .bss.xLastTime.2
                0x0000000020027fc8        0x4 ./Middlewares/Third_Party/FreeRTOS/Source/timers.o
 .bss.ucStaticTimerQueueStorage.1
                0x0000000020027fcc       0xa0 ./Middlewares/Third_Party/FreeRTOS/Source/timers.o
 .bss.xStaticTimerQueue.0
                0x000000002002806c       0x50 ./Middlewares/Third_Party/FreeRTOS/Source/timers.o
 .bss.ucMaxSysCallPriority
                0x00000000200280bc        0x1 ./Middlewares/Third_Party/FreeRTOS/Source/portable/GCC/ARM_CM4F/port.o
 *fill*         0x00000000200280bd        0x3 
 .bss.ulMaxPRIGROUPValue
                0x00000000200280c0        0x4 ./Middlewares/Third_Party/FreeRTOS/Source/portable/GCC/ARM_CM4F/port.o
 .bss.ucHeap    0x00000000200280c4     0x3c00 ./Middlewares/Third_Party/FreeRTOS/Source/portable/MemMang/heap_4.o
 .bss.xStart    0x000000002002bcc4        0x8 ./Middlewares/Third_Party/FreeRTOS/Source/portable/MemMang/heap_4.o
 .bss.pxEnd     0x000000002002bccc        0x4 ./Middlewares/Third_Party/FreeRTOS/Source/portable/MemMang/heap_4.o
 .bss.xFreeBytesRemaining
                0x000000002002bcd0        0x4 ./Middlewares/Third_Party/FreeRTOS/Source/portable/MemMang/heap_4.o
 .bss.xMinimumEverFreeBytesRemaining
                0x000000002002bcd4        0x4 ./Middlewares/Third_Party/FreeRTOS/Source/portable/MemMang/heap_4.o
 .bss.xNumberOfSuccessfulAllocations
                0x000000002002bcd8        0x4 ./Middlewares/Third_Party/FreeRTOS/Source/portable/MemMang/heap_4.o
 .bss.xNumberOfSuccessfulFrees
                0x000000002002bcdc        0x4 ./Middlewares/Third_Party/FreeRTOS/Source/portable/MemMang/heap_4.o
 .bss.xBlockAllocatedBit
                0x000000002002bce0        0x4 ./Middlewares/Third_Party/FreeRTOS/Source/portable/MemMang/heap_4.o
 .bss._SEGGER_RTT
                0x000000002002bce4       0xa8 ./Middlewares/Third_Party/SystemView/SEGGER/SEGGER_RTT.o
                0x000000002002bce4                _SEGGER_RTT
 .bss._acUpBuffer
                0x000000002002bd8c      0x400 ./Middlewares/Third_Party/SystemView/SEGGER/SEGGER_RTT.o
 .bss._acDownBuffer
                0x000000002002c18c       0x10 ./Middlewares/Third_Party/SystemView/SEGGER/SEGGER_RTT.o
 .bss.SEGGER_SYSVIEW_TickCnt
                0x000000002002c19c        0x4 ./Middlewares/Third_Party/SystemView/SEGGER/SEGGER_SYSVIEW.o
                0x000000002002c19c                SEGGER_SYSVIEW_TickCnt
 .bss._UpBuffer
                0x000000002002c1a0      0x400 ./Middlewares/Third_Party/SystemView/SEGGER/SEGGER_SYSVIEW.o
 .bss._DownBuffer
                0x000000002002c5a0        0x8 ./Middlewares/Third_Party/SystemView/SEGGER/SEGGER_SYSVIEW.o
 .bss._SYSVIEW_Globals
                0x000000002002c5a8       0x28 ./Middlewares/Third_Party/SystemView/SEGGER/SEGGER_SYSVIEW.o
 .bss._pFirstModule
                0x000000002002c5d0        0x4 ./Middlewares/Third_Party/SystemView/SEGGER/SEGGER_SYSVIEW.o
 .bss._NumModules
                0x000000002002c5d4        0x1 ./Middlewares/Third_Party/SystemView/SEGGER/SEGGER_SYSVIEW.o
 *fill*         0x000000002002c5d5        0x3 
 .bss._aPacket  0x000000002002c5d8       0xe3 ./Middlewares/Third_Party/SystemView/SEGGER/SEGGER_SYSVIEW.o
 *fill*         0x000000002002c6bb        0x1 
 .bss._aTasks   0x000000002002c6bc       0xa0 ./Middlewares/Third_Party/SystemView/Sample/FreeRTOS/SEGGER_SYSVIEW_FreeRTOS.o
 .bss._NumTasks
                0x000000002002c75c        0x4 ./Middlewares/Third_Party/SystemView/Sample/FreeRTOS/SEGGER_SYSVIEW_FreeRTOS.o
 .bss.__sf      0x000000002002c760      0x138 C:/ST/STM32CubeIDE_1.14.1/STM32CubeIDE/plugins/com.st.stm32cube.ide.mcu.externaltools.gnu-tools-for-stm32.11.3.rel1.win32_1.1.100.202309141235/tools/bin/../lib/gcc/arm-none-eabi/11.3.1/../../../../arm-none-eabi/lib/thumb/v7e-m+fp/hard\libc_nano.a(libc_a-findfp.o)
                0x000000002002c760                __sf
 .bss.__lock___malloc_recursive_mutex