../Core/Src/ApplicationCode.c:170:6:ApplicationInit	8	static
../Core/Src/ApplicationCode.c:191:6:Project_RTOS_Init	24	static
../Core/Src/ApplicationCode.c:309:7:mazeToLCD	40	static
../Core/Src/ApplicationCode.c:315:6:maze_init	24	static
../Core/Src/ApplicationCode.c:349:6:Game_Countdown	16	static
../Core/Src/ApplicationCode.c:369:6:Change_Acceleration	16	static
../Core/Src/ApplicationCode.c:383:6:Gyro_Position_Post	16	static
../Core/Src/ApplicationCode.c:388:6:LCD_Post	16	static
../Core/Src/ApplicationCode.c:403:5:read_user_button_state	8	static
../Core/Src/ApplicationCode.c:420:5:get_gyro_rotation_rate	16	static
../Core/Src/ApplicationCode.c:444:5:get_gyro_direction	16	static
../Core/Src/ApplicationCode.c:460:6:RunDemoForLCD	8	static
../Core/Src/ApplicationCode.c:475:6:HAL_GPIO_EXTI_Callback	16	static
../Core/Src/ApplicationCode.c:491:6:Energy_Recharge	16	static
../Core/Src/ApplicationCode.c:498:6:Energy_Discharge	16	static
../Core/Src/ApplicationCode.c:577:6:Gyro_Drone_Task	88	static
../Core/Src/ApplicationCode.c:703:6:LED_Green_Task	16	static
../Core/Src/ApplicationCode.c:721:6:LED_Red_Task	24	static
../Core/Src/ApplicationCode.c:737:6:Reset_Game	8	static
../Core/Src/ApplicationCode.c:760:6:Win_Game	8	static
../Core/Src/ApplicationCode.c:784:6:maze_top_left	24	static
../Core/Src/ApplicationCode.c:792:6:draw_right_wall	24	static
../Core/Src/ApplicationCode.c:797:6:draw_bottom_wall	24	static
../Core/Src/ApplicationCode.c:802:6:draw_hole	32	static
../Core/Src/ApplicationCode.c:817:6:LCD_Display_Task	80	static
