../Core/Src/LCD_Driver.c:31:6:LCD_GPIO_Init	56	static
../Core/Src/LCD_Driver.c:115:6:LTCD__Init	8	static
../Core/Src/LCD_Driver.c:166:6:LTCD_Layer_Init	72	static
../Core/Src/LCD_Driver.c:195:6:LCD_Draw_Pixel	16	static
../Core/Src/LCD_Driver.c:202:6:LCD_DrawChar	24	static
../Core/Src/LCD_Driver.c:222:6:LCD_DisplayChar	16	static
../Core/Src/LCD_Driver.c:228:6:LCD_DisplayString	24	static
../Core/Src/LCD_Driver.c:239:6:LCD_DisplayNumber	64	dynamic
../Core/Src/LCD_Driver.c:273:6:LCD_SetTextColor	16	static
../Core/Src/LCD_Driver.c:278:6:LCD_SetFont	16	static
../Core/Src/LCD_Driver.c:284:6:LCD_Draw_Circle_Fill	32	static
../Core/Src/LCD_Driver.c:298:5:Check_Circle_Collision	24	static
../Core/Src/LCD_Driver.c:315:5:Check_Waypoint_Collision	24	static
../Core/Src/LCD_Driver.c:332:5:Check_Hole_Collision	24	static
../Core/Src/LCD_Driver.c:349:10:Check_Circle_Collision_X	24	static
../Core/Src/LCD_Driver.c:366:10:Check_Circle_Collision_Y	24	static
../Core/Src/LCD_Driver.c:384:6:LCD_Draw_Vertical_Line	32	static
../Core/Src/LCD_Driver.c:392:6:LCD_Draw_Horizontal_Line	32	static
../Core/Src/LCD_Driver.c:400:6:LCD_Clear	24	static
../Core/Src/LCD_Driver.c:409:6:LCD_Error_Handler	4	static
../Core/Src/LCD_Driver.c:415:6:QuickDemo	16	static
../Core/Src/LCD_Driver.c:486:6:ili9341_Init	8	static
../Core/Src/LCD_Driver.c:617:6:ili9341_DisplayOn	8	static
../Core/Src/LCD_Driver.c:628:6:ili9341_DisplayOff	8	static
../Core/Src/LCD_Driver.c:639:6:ili9341_Write_Reg	16	static
../Core/Src/LCD_Driver.c:649:6:ili9341_Send_Data	16	static
../Core/Src/LCD_Driver.c:660:10:ili9341_ReadData	16	static
../Core/Src/LCD_Driver.c:672:13:SPI_Init	8	static
../Core/Src/LCD_Driver.c:710:17:SPI_Read	24	static
../Core/Src/LCD_Driver.c:731:13:SPI_Write	24	static
../Core/Src/LCD_Driver.c:749:13:SPI_Error	8	static
../Core/Src/LCD_Driver.c:762:13:SPI_MspInit	48	static
../Core/Src/LCD_Driver.c:786:6:LCD_IO_Init	40	static
../Core/Src/LCD_Driver.c:830:6:LCD_IO_WriteData	16	static
../Core/Src/LCD_Driver.c:846:6:LCD_IO_WriteReg	16	static
../Core/Src/LCD_Driver.c:865:10:LCD_IO_ReadData	24	static
../Core/Src/LCD_Driver.c:892:6:LCD_Delay	16	static
