../Core/Src/main.c:78:6:systemClockOverride	80	static
../Core/Src/main.c:112:5:main	8	static
../Core/Src/main.c:198:6:SystemClock_Config	88	static
../Core/Src/main.c:245:13:MX_LTDC_Init	112	static
../Core/Src/main.c:327:13:MX_RNG_Init	8	static
../Core/Src/main.c:353:13:MX_SPI5_Init	8	static
../Core/Src/main.c:391:13:MX_TIM11_Init	8	static
../Core/Src/main.c:422:13:MX_GPIO_Init	64	static
../Core/Src/main.c:627:6:StartDefaultTask	16	static
../Core/Src/main.c:643:6:Error_Handler	4	static,ignoring_inline_asm
